Component: ARM Compiler 5.05 update 1 (build 106) Tool: armlink [4d0efa]

==============================================================================

Section Cross References

    main.o(.text) refers to gpio.o(.text) for InitDI
    main.o(.text) refers to main_task.o(.text) for MainTask_Init
    main.o(.text) refers to tasks.o(.text) for vTaskStartScheduler
    main.o(.text) refers to system_stm32f10x.o(.data) for SystemCoreClock
    stm32f10x_it.o(.text) refers to stm32f10x_rtc.o(.text) for RTC_GetITStatus
    stm32f10x_it.o(.text) refers to stm32f10x_exti.o(.text) for EXTI_GetITStatus
    stm32f10x_it.o(.text) refers to rtc_bkp.o(.text) for ReadBKPdata16
    stm32f10x_it.o(.text) refers to stm32f10x_gpio.o(.text) for GPIO_ReadInputDataBit
    stm32f10x_it.o(.text) refers to encoder.o(.text) for i32_SetEncoderZUp
    gpio.o(.text) refers to stm32f10x_rcc.o(.text) for RCC_APB2PeriphClockCmd
    gpio.o(.text) refers to stm32f10x_gpio.o(.text) for GPIO_Init
    keypad.o(.text) refers to stm32f10x_rcc.o(.text) for RCC_APB2PeriphClockCmd
    keypad.o(.text) refers to stm32f10x_gpio.o(.text) for GPIO_Init
    ledout.o(.text) refers to stm32f10x_rcc.o(.text) for RCC_APB2PeriphClockCmd
    ledout.o(.text) refers to stm32f10x_gpio.o(.text) for GPIO_Init
    ledout.o(.text) refers to ledout.o(.data) for u8_dLedC
    encoder.o(.text) refers to stm32f10x_rcc.o(.text) for RCC_APB1PeriphClockCmd
    encoder.o(.text) refers to stm32f10x_gpio.o(.text) for GPIO_Init
    encoder.o(.text) refers to stm32f10x_tim.o(.text) for TIM_EncoderInterfaceConfig
    encoder.o(.text) refers to interrupt.o(.text) for EncoderInterruptInit
    encoder.o(.text) refers to rtc_bkp.o(.text) for ReadBKPdata32
    encoder.o(.text) refers to encoder.o(.data) for i32_CurEnZ
    driver.o(.text) refers to stm32f10x_flash.o(.text) for FLASH_Unlock
    driver.o(.text) refers to rtc_bkp.o(.text) for ReadBKPdata16
    driver.o(.text) refers to stm32f10x_gpio.o(.text) for GPIO_ReadInputDataBit
    driver.o(.text) refers to encoder.o(.text) for i32_GetEncoderX
    driver.o(.text) refers to driver.o(.bss) for Mode_Structure
    program.o(.text) refers to stm32f10x_rtc.o(.text) for RTC_GetCounter
    program.o(.text) refers to ledout.o(.text) for v_Convertdata
    program.o(.text) refers to rtc_bkp.o(.text) for ReadBKPdata16
    program.o(.text) refers to driver.o(.text) for SetCurrentMode
    program.o(.text) refers to encoder.o(.text) for EnInit
    program.o(.text) refers to gpio.o(.text) for InitDI
    program.o(.text) refers to keypad.o(.text) for KeypadScan
    program.o(.text) refers to stm32f10x_gpio.o(.text) for GPIO_ReadInputDataBit
    program.o(.text) refers to program.o(.data) for Day_TimeOut
    program.o(.text) refers to program.o(.bss) for ProgramStruct
    rtc_bkp.o(.text) refers to stm32f10x_rcc.o(.text) for RCC_APB1PeriphClockCmd
    rtc_bkp.o(.text) refers to stm32f10x_pwr.o(.text) for PWR_BackupAccessCmd
    rtc_bkp.o(.text) refers to misc.o(.text) for NVIC_PriorityGroupConfig
    rtc_bkp.o(.text) refers to stm32f10x_bkp.o(.text) for BKP_WriteBackupRegister
    rtc_bkp.o(.text) refers to rtc_bkp.o(.data) for BKPDataReg
    interrupt.o(.text) refers to stm32f10x_rcc.o(.text) for RCC_APB2PeriphClockCmd
    interrupt.o(.text) refers to stm32f10x_gpio.o(.text) for GPIO_Init
    interrupt.o(.text) refers to stm32f10x_exti.o(.text) for EXTI_Init
    interrupt.o(.text) refers to misc.o(.text) for NVIC_Init
    24c02.o(.text) refers to stm32f10x_rcc.o(.text) for RCC_APB1PeriphClockCmd
    24c02.o(.text) refers to stm32f10x_gpio.o(.text) for GPIO_Init
    24c02.o(.text) refers to stm32f10x_i2c.o(.text) for I2C_DeInit
    24c02.o(.text) refers to memcmp.o(.text) for memcmp
    24c02.o(.text) refers to 24c02.o(.data) for Addr
    24c02.o(.text) refers to 24c02.o(.bss) for WriteBuffer
    event_groups.o(.text) refers to heap_4.o(.text) for pvPortMalloc
    event_groups.o(.text) refers to list.o(.text) for vListInitialise
    event_groups.o(.text) refers to tasks.o(.text) for vTaskSuspendAll
    event_groups.o(.text) refers to port.o(.text) for vPortEnterCritical
    queue.o(.text) refers to port.o(.text) for vPortEnterCritical
    queue.o(.text) refers to tasks.o(.text) for xTaskRemoveFromEventList
    queue.o(.text) refers to list.o(.text) for vListInitialise
    queue.o(.text) refers to heap_4.o(.text) for pvPortMalloc
    queue.o(.text) refers to rt_memcpy_v6.o(.text) for __aeabi_memcpy
    tasks.o(.text) refers to list.o(.text) for vListInitialise
    tasks.o(.text) refers to port.o(.text) for vPortEnterCritical
    tasks.o(.text) refers to heap_4.o(.text) for pvPortMalloc
    tasks.o(.text) refers to tasks.o(.bss) for pxReadyTasksLists
    tasks.o(.text) refers to tasks.o(.data) for pxDelayedTaskList
    port.o(.emb_text) refers to tasks.o(.text) for vTaskSwitchContext
    port.o(.emb_text) refers to tasks.o(.data) for pxCurrentTCB
    port.o(.text) refers to port.o(.emb_text) for __asm___6_port_c_39a90d8d__prvStartFirstTask
[...]
    rtexit.o(.ARM.Collect$$rtexit$$00000000) refers (Special) to rtexit2.o(.ARM.Collect$$rtexit$$00000003) for __rt_exit_ls
    rtexit.o(.ARM.Collect$$rtexit$$00000000) refers (Special) to rtexit2.o(.ARM.Collect$$rtexit$$00000002) for __rt_exit_prels_1
    rtexit.o(.ARM.exidx) refers (Special) to rtexit2.o(.ARM.Collect$$rtexit$$00000004) for __rt_exit_exit
    rtexit.o(.ARM.exidx) refers (Special) to rtexit2.o(.ARM.Collect$$rtexit$$00000003) for __rt_exit_ls
    rtexit.o(.ARM.exidx) refers (Special) to rtexit2.o(.ARM.Collect$$rtexit$$00000002) for __rt_exit_prels_1
    rtexit.o(.ARM.exidx) refers to rtexit.o(.ARM.Collect$$rtexit$$00000000) for .ARM.Collect$$rtexit$$00000000
    libinit2.o(.ARM.Collect$$libinit$$00000010) refers to libinit2.o(.ARM.Collect$$libinit$$0000000F) for .ARM.Collect$$libinit$$0000000F
    libinit2.o(.ARM.Collect$$libinit$$00000012) refers to libinit2.o(.ARM.Collect$$libinit$$0000000F) for .ARM.Collect$$libinit$$0000000F
    libinit2.o(.ARM.Collect$$libinit$$00000014) refers to libinit2.o(.ARM.Collect$$libinit$$0000000F) for .ARM.Collect$$libinit$$0000000F
    libinit2.o(.ARM.Collect$$libinit$$00000016) refers to libinit2.o(.ARM.Collect$$libinit$$0000000F) for .ARM.Collect$$libinit$$0000000F
    libinit2.o(.ARM.Collect$$libinit$$00000018) refers to libinit2.o(.ARM.Collect$$libinit$$0000000F) for .ARM.Collect$$libinit$$0000000F
    libinit2.o(.ARM.Collect$$libinit$$00000026) refers to argv_veneer.o(.emb_text) for __ARM_argv_veneer
    libinit2.o(.ARM.Collect$$libinit$$00000027) refers to argv_veneer.o(.emb_text) for __ARM_argv_veneer
    rtexit2.o(.ARM.Collect$$rtexit$$00000003) refers to libshutdown.o(.ARM.Collect$$libshutdown$$00000000) for __rt_lib_shutdown
    rtexit2.o(.ARM.Collect$$rtexit$$00000004) refers to sys_exit.o(.text) for _sys_exit
    rtexit2.o(.ARM.exidx) refers to rtexit2.o(.ARM.Collect$$rtexit$$00000001) for .ARM.Collect$$rtexit$$00000001
    rtexit2.o(.ARM.exidx) refers to rtexit2.o(.ARM.Collect$$rtexit$$00000003) for .ARM.Collect$$rtexit$$00000003
    rtexit2.o(.ARM.exidx) refers to rtexit2.o(.ARM.Collect$$rtexit$$00000004) for .ARM.Collect$$rtexit$$00000004
    argv_veneer.o(.emb_text) refers to no_argv.o(.text) for __ARM_get_argv
    sys_exit.o(.text) refers (Special) to use_no_semi.o(.text) for __I$use$semihosting
    sys_exit.o(.text) refers (Special) to indicate_semi.o(.text) for __semihosting_library_function
    _get_argv_nomalloc.o(.text) refers (Special) to hrguard.o(.text) for __heap_region$guard
    _get_argv_nomalloc.o(.text) refers to defsig_rtmem_outer.o(.text) for __rt_SIGRTMEM
    _get_argv_nomalloc.o(.text) refers to sys_command.o(.text) for _sys_command_string
    libshutdown.o(.ARM.Collect$$libshutdown$$00000000) refers (Special) to libshutdown2.o(.ARM.Collect$$libshutdown$$00000006) for __rt_lib_shutdown_fp_trap_1
    libshutdown.o(.ARM.Collect$$libshutdown$$00000000) refers (Special) to libshutdown2.o(.ARM.Collect$$libshutdown$$0000000E) for __rt_lib_shutdown_heap_1
    libshutdown.o(.ARM.Collect$$libshutdown$$00000000) refers (Special) to libshutdown2.o(.ARM.Collect$$libshutdown$$0000000F) for __rt_lib_shutdown_return
    libshutdown.o(.ARM.Collect$$libshutdown$$00000000) refers (Special) to libshutdown2.o(.ARM.Collect$$libshutdown$$00000009) for __rt_lib_shutdown_signal_1
    libshutdown.o(.ARM.Collect$$libshutdown$$00000000) refers (Special) to libshutdown2.o(.ARM.Collect$$libshutdown$$00000003) for __rt_lib_shutdown_stdio_1
    libshutdown.o(.ARM.Collect$$libshutdown$$00000000) refers (Special) to libshutdown2.o(.ARM.Collect$$libshutdown$$0000000B) for __rt_lib_shutdown_user_alloc_1
    sys_command.o(.text) refers (Special) to use_no_semi.o(.text) for __I$use$semihosting
    sys_command.o(.text) refers (Special) to indicate_semi.o(.text) for __semihosting_library_function
    defsig_rtmem_outer.o(.text) refers to defsig_rtmem_inner.o(.text) for __rt_SIGRTMEM_inner
    defsig_rtmem_outer.o(.text) refers to defsig_exit.o(.text) for __sig_exit
    defsig_rtmem_formal.o(.text) refers to rt_raise.o(.text) for __rt_raise
    rt_raise.o(.text) refers to __raise.o(.text) for __raise
    rt_raise.o(.text) refers to sys_exit.o(.text) for _sys_exit
    defsig_exit.o(.text) refers to sys_exit.o(.text) for _sys_exit
    defsig_rtmem_inner.o(.text) refers to defsig_general.o(.text) for __default_signal_display
    __raise.o(.text) refers to defsig.o(CL$$defsig) for __default_signal_handler
    defsig_general.o(.text) refers to sys_wrch.o(.text) for _ttywrch
    sys_wrch.o(.text) refers (Special) to use_no_semi.o(.text) for __I$use$semihosting
    sys_wrch.o(.text) refers (Special) to indicate_semi.o(.text) for __semihosting_library_function
    defsig.o(CL$$defsig) refers to defsig_rtmem_inner.o(.text) for __rt_SIGRTMEM_inner
    defsig_abrt_inner.o(.text) refers to defsig_general.o(.text) for __default_signal_display
    defsig_fpe_inner.o(.text) refers to defsig_general.o(.text) for __default_signal_display
    defsig_rtred_inner.o(.text) refers to defsig_general.o(.text) for __default_signal_display
    defsig_stak_inner.o(.text) refers to defsig_general.o(.text) for __default_signal_display
    defsig_pvfn_inner.o(.text) refers to defsig_general.o(.text) for __default_signal_display
    defsig_cppl_inner.o(.text) refers to defsig_general.o(.text) for __default_signal_display
    defsig_segv_inner.o(.text) refers to defsig_general.o(.text) for __default_signal_display
    defsig_other.o(.text) refers to defsig_general.o(.text) for __default_signal_display


==============================================================================

Removing Unused input sections from the image.

    Removing main.o(.rev16_text), (4 bytes).
    Removing main.o(.revsh_text), (4 bytes).
    Removing main.o(.rrx_text), (6 bytes).
    Removing main.o(.data), (4 bytes).
    Removing stm32f10x_it.o(.rev16_text), (4 bytes).
    Removing stm32f10x_it.o(.revsh_text), (4 bytes).
    Removing stm32f10x_it.o(.rrx_text), (6 bytes).
    Removing gpio.o(.rev16_text), (4 bytes).
    Removing gpio.o(.revsh_text), (4 bytes).
    Removing gpio.o(.rrx_text), (6 bytes).
    Removing keypad.o(.rev16_text), (4 bytes).
    Removing keypad.o(.revsh_text), (4 bytes).
    Removing keypad.o(.rrx_text), (6 bytes).
    Removing keypad.o(.text), (576 bytes).
    Removing ledout.o(.rev16_text), (4 bytes).
    Removing ledout.o(.revsh_text), (4 bytes).
    Removing ledout.o(.rrx_text), (6 bytes).
    Removing encoder.o(.rev16_text), (4 bytes).
    Removing encoder.o(.revsh_text), (4 bytes).
    Removing encoder.o(.rrx_text), (6 bytes).
    Removing encoder.o(.bss), (36 bytes).
    Removing driver.o(.rev16_text), (4 bytes).
    Removing driver.o(.revsh_text), (4 bytes).
    Removing driver.o(.rrx_text), (6 bytes).
    Removing driver.o(.text), (2124 bytes).
    Removing driver.o(.bss), (64 bytes).
    Removing driver.o(.data), (4 bytes).
    Removing program.o(.rev16_text), (4 bytes).
    Removing program.o(.revsh_text), (4 bytes).
    Removing program.o(.rrx_text), (6 bytes).
    Removing program.o(.text), (3816 bytes).
    Removing program.o(.bss), (12 bytes).
    Removing program.o(.data), (73 bytes).
    Removing rtc_bkp.o(.rev16_text), (4 bytes).
    Removing rtc_bkp.o(.revsh_text), (4 bytes).
    Removing rtc_bkp.o(.rrx_text), (6 bytes).
    Removing interrupt.o(.rev16_text), (4 bytes).
    Removing interrupt.o(.revsh_text), (4 bytes).
    Removing interrupt.o(.rrx_text), (6 bytes).
    Removing interrupt.o(.data), (4 bytes).
    Removing 24c02.o(.rev16_text), (4 bytes).
    Removing 24c02.o(.revsh_text), (4 bytes).
    Removing 24c02.o(.rrx_text), (6 bytes).
    Removing 24c02.o(.text), (872 bytes).
    Removing 24c02.o(.bss), (6000 bytes).
    Removing 24c02.o(.data), (2 bytes).
    Removing event_groups.o(.text), (708 bytes).
    Removing queue.o(.text), (1696 bytes).
    Removing main_task.o(.rev16_text), (4 bytes).
    Removing main_task.o(.revsh_text), (4 bytes).
    Removing main_task.o(.rrx_text), (6 bytes).
    Removing misc.o(.rev16_text), (4 bytes).
    Removing misc.o(.revsh_text), (4 bytes).
    Removing misc.o(.rrx_text), (6 bytes).
    Removing stm32f10x_bkp.o(.rev16_text), (4 bytes).
    Removing stm32f10x_bkp.o(.revsh_text), (4 bytes).
    Removing stm32f10x_bkp.o(.rrx_text), (6 bytes).
    Removing stm32f10x_exti.o(.rev16_text), (4 bytes).
    Removing stm32f10x_exti.o(.revsh_text), (4 bytes).
    Removing stm32f10x_exti.o(.rrx_text), (6 bytes).
    Removing stm32f10x_flash.o(.rev16_text), (4 bytes).
    Removing stm32f10x_flash.o(.revsh_text), (4 bytes).
    Removing stm32f10x_flash.o(.rrx_text), (6 bytes).
    Removing stm32f10x_flash.o(.text), (1468 bytes).
    Removing stm32f10x_gpio.o(.rev16_text), (4 bytes).
    Removing stm32f10x_gpio.o(.revsh_text), (4 bytes).
    Removing stm32f10x_gpio.o(.rrx_text), (6 bytes).
    Removing stm32f10x_i2c.o(.rev16_text), (4 bytes).
    Removing stm32f10x_i2c.o(.revsh_text), (4 bytes).
    Removing stm32f10x_i2c.o(.rrx_text), (6 bytes).
    Removing stm32f10x_i2c.o(.text), (1028 bytes).
    Removing stm32f10x_pwr.o(.rev16_text), (4 bytes).
    Removing stm32f10x_pwr.o(.revsh_text), (4 bytes).
    Removing stm32f10x_pwr.o(.rrx_text), (6 bytes).
    Removing stm32f10x_rcc.o(.rev16_text), (4 bytes).
    Removing stm32f10x_rcc.o(.revsh_text), (4 bytes).
    Removing stm32f10x_rcc.o(.rrx_text), (6 bytes).
    Removing stm32f10x_rtc.o(.rev16_text), (4 bytes).
    Removing stm32f10x_rtc.o(.revsh_text), (4 bytes).
    Removing stm32f10x_rtc.o(.rrx_text), (6 bytes).
    Removing stm32f10x_tim.o(.rev16_text), (4 bytes).
    Removing stm32f10x_tim.o(.revsh_text), (4 bytes).
    Removing stm32f10x_tim.o(.rrx_text), (6 bytes).
    Removing system_stm32f10x.o(.rev16_text), (4 bytes).
    Removing system_stm32f10x.o(.revsh_text), (4 bytes).
    Removing system_stm32f10x.o(.rrx_text), (6 bytes).

86 unused section(s) (total 18809 bytes) removed from the image.

==============================================================================

Image Symbol Table

    Local Symbols

    Symbol Name                              Value     Ov Type        Size  Object(Section)

    ../clib/angel/boardlib.s                 0x00000000   Number         0  boardshut.o ABSOLUTE
    ../clib/angel/boardlib.s                 0x00000000   Number         0  boardinit1.o ABSOLUTE
    ../clib/angel/boardlib.s                 0x00000000   Number         0  boardinit2.o ABSOLUTE
    ../clib/angel/boardlib.s                 0x00000000   Number         0  boardinit3.o ABSOLUTE
    ../clib/angel/dczerorl2.s                0x00000000   Number         0  __dczerorl2.o ABSOLUTE
    ../clib/angel/handlers.s                 0x00000000   Number         0  __scatter_zi.o ABSOLUTE
    ../clib/angel/kernel.s                   0x00000000   Number         0  __rtentry.o ABSOLUTE
    ../clib/angel/kernel.s                   0x00000000   Number         0  __rtentry2.o ABSOLUTE
    ../clib/angel/kernel.s                   0x00000000   Number         0  __rtentry4.o ABSOLUTE
    ../clib/angel/kernel.s                   0x00000000   Number         0  rtexit.o ABSOLUTE
    ../clib/angel/kernel.s                   0x00000000   Number         0  rtexit2.o ABSOLUTE
    ../clib/angel/rt.s                       0x00000000   Number         0  rt_raise.o ABSOLUTE
    ../clib/angel/scatter.s                  0x00000000   Number         0  __scatter.o ABSOLUTE
    ../clib/angel/startup.s                  0x00000000   Number         0  __main.o ABSOLUTE
    ../clib/angel/sys.s                      0x00000000   Number         0  libspace.o ABSOLUTE
    ../clib/angel/sys.s                      0x00000000   Number         0  use_no_semi.o ABSOLUTE
    ../clib/angel/sys.s                      0x00000000   Number         0  indicate_semi.o ABSOLUTE
    ../clib/angel/sys.s                      0x00000000   Number         0  sys_stackheap_outer.o ABSOLUTE
    ../clib/angel/sysapp.c                   0x00000000   Number         0  sys_exit.o ABSOLUTE
    ../clib/angel/sysapp.c                   0x00000000   Number         0  sys_command.o ABSOLUTE
    ../clib/angel/sysapp.c                   0x00000000   Number         0  sys_wrch.o ABSOLUTE
    ../clib/armsys.c                         0x00000000   Number         0  argv_veneer.o ABSOLUTE
    ../clib/armsys.c                         0x00000000   Number         0  argv_veneer.o ABSOLUTE
    ../clib/armsys.c                         0x00000000   Number         0  _get_argv_nomalloc.o ABSOLUTE
    ../clib/armsys.c                         0x00000000   Number         0  no_argv.o ABSOLUTE
    ../clib/heapalloc.c                      0x00000000   Number         0  hrguard.o ABSOLUTE
    ../clib/heapaux.c                        0x00000000   Number         0  heapauxi.o ABSOLUTE
    ../clib/libinit.s                        0x00000000   Number         0  libshutdown.o ABSOLUTE
    ../clib/libinit.s                        0x00000000   Number         0  libshutdown2.o ABSOLUTE
    ../clib/libinit.s                        0x00000000   Number         0  libinit.o ABSOLUTE
    ../clib/libinit.s                        0x00000000   Number         0  libinit2.o ABSOLUTE
    ../clib/memcpset.s                       0x00000000   Number         0  rt_memcpy_w.o ABSOLUTE
    ../clib/memcpset.s                       0x00000000   Number         0  rt_memcpy_v6.o ABSOLUTE
    ../clib/signal.c                         0x00000000   Number         0  defsig_stak_inner.o ABSOLUTE
    ../clib/signal.c                         0x00000000   Number         0  defsig_rtred_inner.o ABSOLUTE
    ../clib/signal.c                         0x00000000   Number         0  defsig_exit.o ABSOLUTE
    ../clib/signal.c                         0x00000000   Number         0  defsig_rtmem_inner.o ABSOLUTE
    ../clib/signal.c                         0x00000000   Number         0  __raise.o ABSOLUTE
    ../clib/signal.c                         0x00000000   Number         0  defsig_general.o ABSOLUTE
    ../clib/signal.c                         0x00000000   Number         0  defsig_abrt_inner.o ABSOLUTE
    ../clib/signal.c                         0x00000000   Number         0  defsig_rtmem_outer.o ABSOLUTE
    ../clib/signal.c                         0x00000000   Number         0  defsig_fpe_inner.o ABSOLUTE
    ../clib/signal.c                         0x00000000   Number         0  defsig_rtmem_formal.o ABSOLUTE
    ../clib/signal.c                         0x00000000   Number         0  defsig_other.o ABSOLUTE
    ../clib/signal.c                         0x00000000   Number         0  defsig_segv_inner.o ABSOLUTE
    ../clib/signal.c                         0x00000000   Number         0  defsig_cppl_inner.o ABSOLUTE
    ../clib/signal.c                         0x00000000   Number         0  defsig_pvfn_inner.o ABSOLUTE
    ../clib/signal.s                         0x00000000   Number         0  defsig.o ABSOLUTE
    ../clib/stdlib.c                         0x00000000   Number         0  exit.o ABSOLUTE
    ../clib/string.c                         0x00000000   Number         0  memcmp.o ABSOLUTE
    ../fplib/fpinit.s                        0x00000000   Number         0  fpinit.o ABSOLUTE
    C:\Keil_v5\ARM\PACK\Keil\STM32F1xx_DFP\2.3.0\Device\StdPeriph_Driver\src\misc.c 0x00000000   Number         0  misc.o ABSOLUTE
    C:\Keil_v5\ARM\PACK\Keil\STM32F1xx_DFP\2.3.0\Device\StdPeriph_Driver\src\stm32f10x_bkp.c 0x00000000   Number         0  stm32f10x_bkp.o ABSOLUTE
    C:\Keil_v5\ARM\PACK\Keil\STM32F1xx_DFP\2.3.0\Device\StdPeriph_Driver\src\stm32f10x_exti.c 0x00000000   Number         0  stm32f10x_exti.o ABSOLUTE
    C:\Keil_v5\ARM\PACK\Keil\STM32F1xx_DFP\2.3.0\Device\StdPeriph_Driver\src\stm32f10x_flash.c 0x00000000   Number         0  stm32f10x_flash.o ABSOLUTE
    C:\Keil_v5\ARM\PACK\Keil\STM32F1xx_DFP\2.3.0\Device\StdPeriph_Driver\src\stm32f10x_gpio.c 0x00000000   Number         0  stm32f10x_gpio.o ABSOLUTE
    C:\Keil_v5\ARM\PACK\Keil\STM32F1xx_DFP\2.3.0\Device\StdPeriph_Driver\src\stm32f10x_i2c.c 0x00000000   Number         0  stm32f10x_i2c.o ABSOLUTE
    C:\Keil_v5\ARM\PACK\Keil\STM32F1xx_DFP\2.3.0\Device\StdPeriph_Driver\src\stm32f10x_pwr.c 0x00000000   Number         0  stm32f10x_pwr.o ABSOLUTE
    C:\Keil_v5\ARM\PACK\Keil\STM32F1xx_DFP\2.3.0\Device\StdPeriph_Driver\src\stm32f10x_rcc.c 0x00000000   Number         0  stm32f10x_rcc.o ABSOLUTE
    C:\Keil_v5\ARM\PACK\Keil\STM32F1xx_DFP\2.3.0\Device\StdPeriph_Driver\src\stm32f10x_rtc.c 0x00000000   Number         0  stm32f10x_rtc.o ABSOLUTE
    C:\Keil_v5\ARM\PACK\Keil\STM32F1xx_DFP\2.3.0\Device\StdPeriph_Driver\src\stm32f10x_tim.c 0x00000000   Number         0  stm32f10x_tim.o ABSOLUTE
    C:\\Keil_v5\\ARM\\PACK\\Keil\\STM32F1xx_DFP\\2.3.0\\Device\\StdPeriph_Driver\\src\\misc.c 0x00000000   Number         0  misc.o ABSOLUTE
    C:\\Keil_v5\\ARM\\PACK\\Keil\\STM32F1xx_DFP\\2.3.0\\Device\\StdPeriph_Driver\\src\\stm32f10x_bkp.c 0x00000000   Number         0  stm32f10x_bkp.o ABSOLUTE
    C:\\Keil_v5\\ARM\\PACK\\Keil\\STM32F1xx_DFP\\2.3.0\\Device\\StdPeriph_Driver\\src\\stm32f10x_exti.c 0x00000000   Number         0  stm32f10x_exti.o ABSOLUTE
    C:\\Keil_v5\\ARM\\PACK\\Keil\\STM32F1xx_DFP\\2.3.0\\Device\\StdPeriph_Driver\\src\\stm32f10x_flash.c 0x00000000   Number         0  stm32f10x_flash.o ABSOLUTE
    C:\\Keil_v5\\ARM\\PACK\\Keil\\STM32F1xx_DFP\\2.3.0\\Device\\StdPeriph_Driver\\src\\stm32f10x_gpio.c 0x00000000   Number         0  stm32f10x_gpio.o ABSOLUTE
    C:\\Keil_v5\\ARM\\PACK\\Keil\\STM32F1xx_DFP\\2.3.0\\Device\\StdPeriph_Driver\\src\\stm32f10x_i2c.c 0x00000000   Number         0  stm32f10x_i2c.o ABSOLUTE
    C:\\Keil_v5\\ARM\\PACK\\Keil\\STM32F1xx_DFP\\2.3.0\\Device\\StdPeriph_Driver\\src\\stm32f10x_pwr.c 0x00000000   Number         0  stm32f10x_pwr.o ABSOLUTE
    C:\\Keil_v5\\ARM\\PACK\\Keil\\STM32F1xx_DFP\\2.3.0\\Device\\StdPeriph_Driver\\src\\stm32f10x_rcc.c 0x00000000   Number         0  stm32f10x_rcc.o ABSOLUTE
    C:\\Keil_v5\\ARM\\PACK\\Keil\\STM32F1xx_DFP\\2.3.0\\Device\\StdPeriph_Driver\\src\\stm32f10x_rtc.c 0x00000000   Number         0  stm32f10x_rtc.o ABSOLUTE
    C:\\Keil_v5\\ARM\\PACK\\Keil\\STM32F1xx_DFP\\2.3.0\\Device\\StdPeriph_Driver\\src\\stm32f10x_tim.c 0x00000000   Number         0  stm32f10x_tim.o ABSOLUTE
    Function\24C02.c                         0x00000000   Number         0  24c02.o ABSOLUTE
    Function\Driver.c                        0x00000000   Number         0  driver.o ABSOLUTE
    Function\Encoder.c                       0x00000000   Number         0  encoder.o ABSOLUTE
    Function\GPIO.c                          0x00000000   Number         0  gpio.o ABSOLUTE
    Function\Keypad.c                        0x00000000   Number         0  keypad.o ABSOLUTE
    Function\LedOut.c                        0x00000000   Number         0  ledout.o ABSOLUTE
    Function\Program.c                       0x00000000   Number         0  program.o ABSOLUTE
    Function\RTC_BKP.c                       0x00000000   Number         0  rtc_bkp.o ABSOLUTE
    Function\\24C02.c                        0x00000000   Number         0  24c02.o ABSOLUTE
    Function\\Driver.c                       0x00000000   Number         0  driver.o ABSOLUTE
    Function\\Encoder.c                      0x00000000   Number         0  encoder.o ABSOLUTE
    Function\\GPIO.c                         0x00000000   Number         0  gpio.o ABSOLUTE
    Function\\Keypad.c                       0x00000000   Number         0  keypad.o ABSOLUTE
    Function\\LedOut.c                       0x00000000   Number         0  ledout.o ABSOLUTE
    Function\\Program.c                      0x00000000   Number         0  program.o ABSOLUTE
    Function\\RTC_BKP.c                      0x00000000   Number         0  rtc_bkp.o ABSOLUTE
    Function\\interrupt.c                    0x00000000   Number         0  interrupt.o ABSOLUTE
    Function\interrupt.c                     0x00000000   Number         0  interrupt.o ABSOLUTE
    RTE\Device\STM32F103C8\startup_stm32f10x_md.s 0x00000000   Number         0  startup_stm32f10x_md.o ABSOLUTE
    RTE\Device\STM32F103C8\system_stm32f10x.c 0x00000000   Number         0  system_stm32f10x.o ABSOLUTE
    RTE\\Device\\STM32F103C8\\system_stm32f10x.c 0x00000000   Number         0  system_stm32f10x.o ABSOLUTE
    Task\Main_Task.c                         0x00000000   Number         0  main_task.o ABSOLUTE
    Task\\Main_Task.c                        0x00000000   Number         0  main_task.o ABSOLUTE
    dc.s                                     0x00000000   Number         0  dc.o ABSOLUTE
    main.c                                   0x00000000   Number         0  main.o ABSOLUTE
    main.c                                   0x00000000   Number         0  main.o ABSOLUTE
    source\\portable\\RVDS\\ARM_CM3\\port.c  0x00000000   Number         0  port.o ABSOLUTE
    source\croutine.c                        0x00000000   Number         0  croutine.o ABSOLUTE
    source\event_groups.c                    0x00000000   Number         0  event_groups.o ABSOLUTE
    source\list.c                            0x00000000   Number         0  list.o ABSOLUTE
    source\portable\MemMang\heap_4.c         0x00000000   Number         0  heap_4.o ABSOLUTE
    source\portable\RVDS\ARM_CM3\port.c      0x00000000   Number         0  port.o ABSOLUTE
    source\queue.c                           0x00000000   Number         0  queue.o ABSOLUTE
    source\tasks.c                           0x00000000   Number         0  tasks.o ABSOLUTE
    source\timers.c                          0x00000000   Number         0  timers.o ABSOLUTE
    stm32f10x_it.c                           0x00000000   Number         0  stm32f10x_it.o ABSOLUTE
    stm32f10x_it.c                           0x00000000   Number         0  stm32f10x_it.o ABSOLUTE
    RESET                                    0x08000000   Section      236  startup_stm32f10x_md.o(RESET)
    !!!main                                  0x080000ec   Section        8  __main.o(!!!main)
    !!!scatter                               0x080000f4   Section       52  __scatter.o(!!!scatter)
    !!dczerorl2                              0x08000128   Section       90  __dczerorl2.o(!!dczerorl2)
    !!handler_zi                             0x08000184   Section       28  __scatter_zi.o(!!handler_zi)
    .ARM.Collect$$libinit$$00000000          0x080001a0   Section        2  libinit.o(.ARM.Collect$$libinit$$00000000)
    .ARM.Collect$$libinit$$00000002          0x080001a2   Section        0  libinit2.o(.ARM.Collect$$libinit$$00000002)
    .ARM.Collect$$libinit$$00000004          0x080001a2   Section        0  libinit2.o(.ARM.Collect$$libinit$$00000004)
    .ARM.Collect$$libinit$$0000000A          0x080001a2   Section        0  libinit2.o(.ARM.Collect$$libinit$$0000000A)
    .ARM.Collect$$libinit$$0000000C          0x080001a2   Section        0  libinit2.o(.ARM.Collect$$libinit$$0000000C)
    .ARM.Collect$$libinit$$0000000E          0x080001a2   Section        0  libinit2.o(.ARM.Collect$$libinit$$0000000E)
    .ARM.Collect$$libinit$$00000011          0x080001a2   Section        0  libinit2.o(.ARM.Collect$$libinit$$00000011)
    .ARM.Collect$$libinit$$00000013          0x080001a2   Section        0  libinit2.o(.ARM.Collect$$libinit$$00000013)
    .ARM.Collect$$libinit$$00000015          0x080001a2   Section        0  libinit2.o(.ARM.Collect$$libinit$$00000015)
    .ARM.Collect$$libinit$$00000017          0x080001a2   Section        0  libinit2.o(.ARM.Collect$$libinit$$00000017)
    .ARM.Collect$$libinit$$00000019          0x080001a2   Section        0  libinit2.o(.ARM.Collect$$libinit$$00000019)
    .ARM.Collect$$libinit$$0000001B          0x080001a2   Section        0  libinit2.o(.ARM.Collect$$libinit$$0000001B)
    .ARM.Collect$$libinit$$0000001D          0x080001a2   Section        0  libinit2.o(.ARM.Collect$$libinit$$0000001D)
    .ARM.Collect$$libinit$$0000001F          0x080001a2   Section        0  libinit2.o(.ARM.Collect$$libinit$$0000001F)
    .ARM.Collect$$libinit$$00000021          0x080001a2   Section        0  libinit2.o(.ARM.Collect$$libinit$$00000021)
    .ARM.Collect$$libinit$$00000023          0x080001a2   Section        0  libinit2.o(.ARM.Collect$$libinit$$00000023)
    .ARM.Collect$$libinit$$00000025          0x080001a2   Section        0  libinit2.o(.ARM.Collect$$libinit$$00000025)
    .ARM.Collect$$libinit$$0000002C          0x080001a2   Section        0  libinit2.o(.ARM.Collect$$libinit$$0000002C)
    .ARM.Collect$$libinit$$0000002E          0x080001a2   Section        0  libinit2.o(.ARM.Collect$$libinit$$0000002E)
    .ARM.Collect$$libinit$$00000030          0x080001a2   Section        0  libinit2.o(.ARM.Collect$$libinit$$00000030)
    .ARM.Collect$$libinit$$00000032          0x080001a2   Section        0  libinit2.o(.ARM.Collect$$libinit$$00000032)
    .ARM.Collect$$libinit$$00000033          0x080001a2   Section        2  libinit2.o(.ARM.Collect$$libinit$$00000033)
    .ARM.Collect$$libshutdown$$00000000      0x080001a4   Section        2  libshutdown.o(.ARM.Collect$$libshutdown$$00000000)
    .ARM.Collect$$libshutdown$$00000003      0x080001a6   Section        0  libshutdown2.o(.ARM.Collect$$libshutdown$$00000003)
    .ARM.Collect$$libshutdown$$00000006      0x080001a6   Section        0  libshutdown2.o(.ARM.Collect$$libshutdown$$00000006)
    .ARM.Collect$$libshutdown$$00000009      0x080001a6   Section        0  libshutdown2.o(.ARM.Collect$$libshutdown$$00000009)
    .ARM.Collect$$libshutdown$$0000000B      0x080001a6   Section        0  libshutdown2.o(.ARM.Collect$$libshutdown$$0000000B)
    .ARM.Collect$$libshutdown$$0000000E      0x080001a6   Section        0  libshutdown2.o(.ARM.Collect$$libshutdown$$0000000E)
    .ARM.Collect$$libshutdown$$0000000F      0x080001a6   Section        2  libshutdown2.o(.ARM.Collect$$libshutdown$$0000000F)
    .ARM.Collect$$rtentry$$00000000          0x080001a8   Section        0  __rtentry.o(.ARM.Collect$$rtentry$$00000000)
    .ARM.Collect$$rtentry$$00000002          0x080001a8   Section        0  __rtentry2.o(.ARM.Collect$$rtentry$$00000002)
    .ARM.Collect$$rtentry$$00000004          0x080001a8   Section        6  __rtentry4.o(.ARM.Collect$$rtentry$$00000004)
    .ARM.Collect$$rtentry$$00000009          0x080001ae   Section        0  __rtentry2.o(.ARM.Collect$$rtentry$$00000009)
    .ARM.Collect$$rtentry$$0000000A          0x080001ae   Section        4  __rtentry2.o(.ARM.Collect$$rtentry$$0000000A)
    .ARM.Collect$$rtentry$$0000000C          0x080001b2   Section        0  __rtentry2.o(.ARM.Collect$$rtentry$$0000000C)
    .ARM.Collect$$rtentry$$0000000D          0x080001b2   Section        8  __rtentry2.o(.ARM.Collect$$rtentry$$0000000D)
    .ARM.Collect$$rtexit$$00000000           0x080001ba   Section        2  rtexit.o(.ARM.Collect$$rtexit$$00000000)
    .ARM.Collect$$rtexit$$00000002           0x080001bc   Section        0  rtexit2.o(.ARM.Collect$$rtexit$$00000002)
    .ARM.Collect$$rtexit$$00000003           0x080001bc   Section        4  rtexit2.o(.ARM.Collect$$rtexit$$00000003)
    .ARM.Collect$$rtexit$$00000004           0x080001c0   Section        6  rtexit2.o(.ARM.Collect$$rtexit$$00000004)
    .emb_text                                0x080001c8   Section      150  port.o(.emb_text)
    .text                                    0x08000260   Section        0  main.o(.text)
    .text                                    0x080002cc   Section        0  stm32f10x_it.o(.text)
    .text                                    0x08000418   Section        0  gpio.o(.text)
    .text                                    0x080004b0   Section        0  ledout.o(.text)
    .text                                    0x08000728   Section        0  encoder.o(.text)
    .text                                    0x0800090c   Section        0  rtc_bkp.o(.text)
    .text                                    0x080009b8   Section        0  interrupt.o(.text)
    .text                                    0x08000a3c   Section        0  list.o(.text)
    .text                                    0x08000ad0   Section        0  tasks.o(.text)
    prvInitialiseTaskLists                   0x08000ad1   Thumb Code    70  tasks.o(.text)
    prvAddNewTaskToReadyList                 0x08000b17   Thumb Code   150  tasks.o(.text)
    prvInitialiseNewTask                     0x08000bad   Thumb Code   128  tasks.o(.text)
    prvResetNextTaskUnblockTime              0x08000c8d   Thumb Code    42  tasks.o(.text)
    prvDeleteTCB                             0x08000cb7   Thumb Code    18  tasks.o(.text)
    prvAddCurrentTaskToDelayedList           0x08000f79   Thumb Code   124  tasks.o(.text)
    prvTaskIsTaskSuspended                   0x080012af   Thumb Code    56  tasks.o(.text)
    prvCheckTasksWaitingTermination          0x08001413   Thumb Code    86  tasks.o(.text)
    prvIdleTask                              0x08001469   Thumb Code    32  tasks.o(.text)
    .text                                    0x08001a70   Section        0  port.o(.text)
    prvTaskExitError                         0x08001a71   Thumb Code    22  port.o(.text)
    .text                                    0x08001b58   Section        0  heap_4.o(.text)
    prvInsertBlockIntoFreeList               0x08001b59   Thumb Code    96  heap_4.o(.text)
    prvHeapInit                              0x08001bb9   Thumb Code    98  heap_4.o(.text)
    .text                                    0x08001d3c   Section        0  main_task.o(.text)
    vMainTask                                0x08001d89   Thumb Code    50  main_task.o(.text)
    .text                                    0x08001de4   Section        0  misc.o(.text)
    .text                                    0x08001ec0   Section        0  stm32f10x_bkp.o(.text)
    .text                                    0x08001f84   Section        0  stm32f10x_exti.o(.text)
    .text                                    0x080020a0   Section        0  stm32f10x_gpio.o(.text)
    .text                                    0x080023fc   Section        0  stm32f10x_pwr.o(.text)
    .text                                    0x080024c8   Section        0  stm32f10x_rcc.o(.text)
    .text                                    0x0800286c   Section        0  stm32f10x_rtc.o(.text)
    .text                                    0x080029b4   Section        0  stm32f10x_tim.o(.text)
    TI4_Config                               0x08002e5b   Thumb Code   130  stm32f10x_tim.o(.text)
    TI3_Config                               0x08002eef   Thumb Code   122  stm32f10x_tim.o(.text)
    TI2_Config                               0x08002f83   Thumb Code   130  stm32f10x_tim.o(.text)
    TI1_Config                               0x08003017   Thumb Code   108  stm32f10x_tim.o(.text)
    .text                                    0x080037d0   Section       64  startup_stm32f10x_md.o(.text)
    .text                                    0x08003810   Section        0  system_stm32f10x.o(.text)
    SetSysClockTo72                          0x08003811   Thumb Code   214  system_stm32f10x.o(.text)
    SetSysClock                              0x080038e7   Thumb Code     8  system_stm32f10x.o(.text)
    .text                                    0x080039f0   Section        0  heapauxi.o(.text)
    .text                                    0x080039f6   Section       74  sys_stackheap_outer.o(.text)
    .text                                    0x08003a40   Section        0  exit.o(.text)
    .text                                    0x08003a4c   Section        8  libspace.o(.text)
    .text                                    0x08003a54   Section        0  sys_exit.o(.text)
    .text                                    0x08003a60   Section        2  use_no_semi.o(.text)
    .text                                    0x08003a62   Section        0  indicate_semi.o(.text)
    .data                                    0x20000000   Section       32  ledout.o(.data)
    .data                                    0x20000020   Section       76  encoder.o(.data)
    .data                                    0x2000006c   Section       84  rtc_bkp.o(.data)
    .data                                    0x200000c0   Section       60  tasks.o(.data)
    pxDelayedTaskList                        0x200000c4   Data           4  tasks.o(.data)
    pxOverflowDelayedTaskList                0x200000c8   Data           4  tasks.o(.data)
    uxDeletedTasksWaitingCleanUp             0x200000cc   Data           4  tasks.o(.data)
    uxCurrentNumberOfTasks                   0x200000d0   Data           4  tasks.o(.data)
    xTickCount                               0x200000d4   Data           4  tasks.o(.data)
    uxTopReadyPriority                       0x200000d8   Data           4  tasks.o(.data)
    xSchedulerRunning                        0x200000dc   Data           4  tasks.o(.data)
    uxPendedTicks                            0x200000e0   Data           4  tasks.o(.data)
    xYieldPending                            0x200000e4   Data           4  tasks.o(.data)
    xNumOfOverflows                          0x200000e8   Data           4  tasks.o(.data)
    uxTaskNumber                             0x200000ec   Data           4  tasks.o(.data)
    xNextTaskUnblockTime                     0x200000f0   Data           4  tasks.o(.data)
    xIdleTaskHandle                          0x200000f4   Data           4  tasks.o(.data)
    uxSchedulerSuspended                     0x200000f8   Data           4  tasks.o(.data)
    .data                                    0x200000fc   Section        4  port.o(.data)
    uxCriticalNesting                        0x200000fc   Data           4  port.o(.data)
    .data                                    0x20000100   Section       24  heap_4.o(.data)
    xStart                                   0x20000100   Data           8  heap_4.o(.data)
    pxEnd                                    0x20000108   Data           4  heap_4.o(.data)
    xFreeBytesRemaining                      0x2000010c   Data           4  heap_4.o(.data)
    xMinimumEverFreeBytesRemaining           0x20000110   Data           4  heap_4.o(.data)
    xBlockAllocatedBit                       0x20000114   Data           4  heap_4.o(.data)
    .data                                    0x20000118   Section       20  stm32f10x_rcc.o(.data)
    APBAHBPrescTable                         0x20000118   Data          16  stm32f10x_rcc.o(.data)
    ADCPrescTable                            0x20000128   Data           4  stm32f10x_rcc.o(.data)
    .data                                    0x2000012c   Section       20  system_stm32f10x.o(.data)
    .bss                                     0x20000140   Section      200  tasks.o(.bss)
    pxReadyTasksLists                        0x20000140   Data         100  tasks.o(.bss)
    xDelayedTaskList1                        0x200001a4   Data          20  tasks.o(.bss)
    xDelayedTaskList2                        0x200001b8   Data          20  tasks.o(.bss)
    xPendingReadyList                        0x200001cc   Data          20  tasks.o(.bss)
    xTasksWaitingTermination                 0x200001e0   Data          20  tasks.o(.bss)
    xSuspendedTaskList                       0x200001f4   Data          20  tasks.o(.bss)
    .bss                                     0x20000208   Section     1024  heap_4.o(.bss)
    ucHeap                                   0x20000208   Data        1024  heap_4.o(.bss)
    .bss                                     0x20000608   Section       96  libspace.o(.bss)
    HEAP                                     0x20000668   Section      512  startup_stm32f10x_md.o(HEAP)
    Heap_Mem                                 0x20000668   Data         512  startup_stm32f10x_md.o(HEAP)
    STACK                                    0x20000868   Section     1024  startup_stm32f10x_md.o(STACK)
    Stack_Mem                                0x20000868   Data        1024  startup_stm32f10x_md.o(STACK)
    __initial_sp                             0x20000c68   Data           0  startup_stm32f10x_md.o(STACK)

    Global Symbols

    Symbol Name                              Value     Ov Type        Size  Object(Section)

    BuildAttributes$$THM_ISAv4$P$D$K$B$S$PE$A:L22UL41UL21$X:L11$S22US41US21$IEEE1$IW$USESV6$~STKCKD$USESV7$~SHL$OSPACE$ROPI$EBA8$UX$STANDARDLIB$REQ8$PRES8$EABIv2 0x00000000   Number         0  anon$$obj.o ABSOLUTE
    __ARM_use_no_argv                        0x00000000   Number         0  main.o ABSOLUTE
    __ARM_exceptions_init                     - Undefined Weak Reference
    __alloca_initialize                       - Undefined Weak Reference
    __arm_preinit_                            - Undefined Weak Reference
    __cpp_initialize__aeabi_                  - Undefined Weak Reference
    __cxa_finalize                            - Undefined Weak Reference
    __rt_locale                               - Undefined Weak Reference
    __sigvec_lookup                           - Undefined Weak Reference
    _atexit_init                              - Undefined Weak Reference
    _call_atexit_fns                          - Undefined Weak Reference
    _clock_init                               - Undefined Weak Reference
    _fp_trap_init                             - Undefined Weak Reference
    _fp_trap_shutdown                         - Undefined Weak Reference
    _get_lc_collate                           - Undefined Weak Reference
    _get_lc_ctype                             - Undefined Weak Reference
    _get_lc_monetary                          - Undefined Weak Reference
    _get_lc_numeric                           - Undefined Weak Reference
    _get_lc_time                              - Undefined Weak Reference
    _getenv_init                              - Undefined Weak Reference
    _handle_redirection                       - Undefined Weak Reference
    _init_alloc                               - Undefined Weak Reference
    _init_user_alloc                          - Undefined Weak Reference
    _initio                                   - Undefined Weak Reference
    _rand_init                                - Undefined Weak Reference
    _signal_finish                            - Undefined Weak Reference
    _signal_init                              - Undefined Weak Reference
    _terminate_alloc                          - Undefined Weak Reference
    _terminate_user_alloc                     - Undefined Weak Reference
    _terminateio                              - Undefined Weak Reference
    __Vectors_Size                           0x000000ec   Number         0  startup_stm32f10x_md.o ABSOLUTE
    __Vectors                                0x08000000   Data           4  startup_stm32f10x_md.o(RESET)
    __Vectors_End                            0x080000ec   Data           0  startup_stm32f10x_md.o(RESET)
    __main                                   0x080000ed   Thumb Code     8  __main.o(!!!main)
    __scatterload                            0x080000f5   Thumb Code     0  __scatter.o(!!!scatter)
    __scatterload_rt2                        0x080000f5   Thumb Code    44  __scatter.o(!!!scatter)
    __scatterload_rt2_thumb_only             0x080000f5   Thumb Code     0  __scatter.o(!!!scatter)
    __scatterload_null                       0x08000103   Thumb Code     0  __scatter.o(!!!scatter)
    __decompress                             0x08000129   Thumb Code    90  __dczerorl2.o(!!dczerorl2)
    __decompress1                            0x08000129   Thumb Code     0  __dczerorl2.o(!!dczerorl2)
    __scatterload_zeroinit                   0x08000185   Thumb Code    28  __scatter_zi.o(!!handler_zi)
    __rt_lib_init                            0x080001a1   Thumb Code     0  libinit.o(.ARM.Collect$$libinit$$00000000)
    __rt_lib_init_alloca_1                   0x080001a3   Thumb Code     0  libinit2.o(.ARM.Collect$$libinit$$0000002E)
    __rt_lib_init_argv_1                     0x080001a3   Thumb Code     0  libinit2.o(.ARM.Collect$$libinit$$0000002C)
    __rt_lib_init_atexit_1                   0x080001a3   Thumb Code     0  libinit2.o(.ARM.Collect$$libinit$$0000001B)
    __rt_lib_init_clock_1                    0x080001a3   Thumb Code     0  libinit2.o(.ARM.Collect$$libinit$$00000021)
    __rt_lib_init_cpp_1                      0x080001a3   Thumb Code     0  libinit2.o(.ARM.Collect$$libinit$$00000032)
    __rt_lib_init_exceptions_1               0x080001a3   Thumb Code     0  libinit2.o(.ARM.Collect$$libinit$$00000030)
    __rt_lib_init_fp_1                       0x080001a3   Thumb Code     0  libinit2.o(.ARM.Collect$$libinit$$00000002)
    __rt_lib_init_fp_trap_1                  0x080001a3   Thumb Code     0  libinit2.o(.ARM.Collect$$libinit$$0000001F)
    __rt_lib_init_getenv_1                   0x080001a3   Thumb Code     0  libinit2.o(.ARM.Collect$$libinit$$00000023)
    __rt_lib_init_heap_1                     0x080001a3   Thumb Code     0  libinit2.o(.ARM.Collect$$libinit$$0000000A)
    __rt_lib_init_lc_collate_1               0x080001a3   Thumb Code     0  libinit2.o(.ARM.Collect$$libinit$$00000011)
    __rt_lib_init_lc_ctype_1                 0x080001a3   Thumb Code     0  libinit2.o(.ARM.Collect$$libinit$$00000013)
    __rt_lib_init_lc_monetary_1              0x080001a3   Thumb Code     0  libinit2.o(.ARM.Collect$$libinit$$00000015)
    __rt_lib_init_lc_numeric_1               0x080001a3   Thumb Code     0  libinit2.o(.ARM.Collect$$libinit$$00000017)
    __rt_lib_init_lc_time_1                  0x080001a3   Thumb Code     0  libinit2.o(.ARM.Collect$$libinit$$00000019)
    __rt_lib_init_preinit_1                  0x080001a3   Thumb Code     0  libinit2.o(.ARM.Collect$$libinit$$00000004)
    __rt_lib_init_rand_1                     0x080001a3   Thumb Code     0  libinit2.o(.ARM.Collect$$libinit$$0000000E)
    __rt_lib_init_return                     0x080001a3   Thumb Code     0  libinit2.o(.ARM.Collect$$libinit$$00000033)
    __rt_lib_init_signal_1                   0x080001a3   Thumb Code     0  libinit2.o(.ARM.Collect$$libinit$$0000001D)
    __rt_lib_init_stdio_1                    0x080001a3   Thumb Code     0  libinit2.o(.ARM.Collect$$libinit$$00000025)
    __rt_lib_init_user_alloc_1               0x080001a3   Thumb Code     0  libinit2.o(.ARM.Collect$$libinit$$0000000C)
    __rt_lib_shutdown                        0x080001a5   Thumb Code     0  libshutdown.o(.ARM.Collect$$libshutdown$$00000000)
    __rt_lib_shutdown_fp_trap_1              0x080001a7   Thumb Code     0  libshutdown2.o(.ARM.Collect$$libshutdown$$00000006)
    __rt_lib_shutdown_heap_1                 0x080001a7   Thumb Code     0  libshutdown2.o(.ARM.Collect$$libshutdown$$0000000E)
    __rt_lib_shutdown_return                 0x080001a7   Thumb Code     0  libshutdown2.o(.ARM.Collect$$libshutdown$$0000000F)
    __rt_lib_shutdown_signal_1               0x080001a7   Thumb Code     0  libshutdown2.o(.ARM.Collect$$libshutdown$$00000009)
    __rt_lib_shutdown_stdio_1                0x080001a7   Thumb Code     0  libshutdown2.o(.ARM.Collect$$libshutdown$$00000003)
    __rt_lib_shutdown_user_alloc_1           0x080001a7   Thumb Code     0  libshutdown2.o(.ARM.Collect$$libshutdown$$0000000B)
    __rt_entry                               0x080001a9   Thumb Code     0  __rtentry.o(.ARM.Collect$$rtentry$$00000000)
    __rt_entry_presh_1                       0x080001a9   Thumb Code     0  __rtentry2.o(.ARM.Collect$$rtentry$$00000002)
    __rt_entry_sh                            0x080001a9   Thumb Code     0  __rtentry4.o(.ARM.Collect$$rtentry$$00000004)
    __rt_entry_li                            0x080001af   Thumb Code     0  __rtentry2.o(.ARM.Collect$$rtentry$$0000000A)
    __rt_entry_postsh_1                      0x080001af   Thumb Code     0  __rtentry2.o(.ARM.Collect$$rtentry$$00000009)
    __rt_entry_main                          0x080001b3   Thumb Code     0  __rtentry2.o(.ARM.Collect$$rtentry$$0000000D)
    __rt_entry_postli_1                      0x080001b3   Thumb Code     0  __rtentry2.o(.ARM.Collect$$rtentry$$0000000C)
    __rt_exit                                0x080001bb   Thumb Code     0  rtexit.o(.ARM.Collect$$rtexit$$00000000)
    __rt_exit_ls                             0x080001bd   Thumb Code     0  rtexit2.o(.ARM.Collect$$rtexit$$00000003)
    __rt_exit_prels_1                        0x080001bd   Thumb Code     0  rtexit2.o(.ARM.Collect$$rtexit$$00000002)
    __rt_exit_exit                           0x080001c1   Thumb Code     0  rtexit2.o(.ARM.Collect$$rtexit$$00000004)
    vPortSVCHandler                          0x080001c9   Thumb Code    32  port.o(.emb_text)
    __asm___6_port_c_39a90d8d__prvStartFirstTask 0x080001ed   Thumb Code    28  port.o(.emb_text)
    xPortPendSVHandler                       0x0800020d   Thumb Code    72  port.o(.emb_text)
    vPortGetIPSR                             0x08000259   Thumb Code     6  port.o(.emb_text)
    main                                     0x08000261   Thumb Code    96  main.o(.text)
    NMI_Handler                              0x080002cd   Thumb Code     2  stm32f10x_it.o(.text)
    HardFault_Handler                        0x080002cf   Thumb Code     4  stm32f10x_it.o(.text)
    MemManage_Handler                        0x080002d3   Thumb Code     4  stm32f10x_it.o(.text)
    BusFault_Handler                         0x080002d7   Thumb Code     4  stm32f10x_it.o(.text)
    UsageFault_Handler                       0x080002db   Thumb Code     4  stm32f10x_it.o(.text)
    DebugMon_Handler                         0x080002df   Thumb Code     2  stm32f10x_it.o(.text)
    SVC_Handler                              0x080002e1   Thumb Code     2  stm32f10x_it.o(.text)
    PendSV_Handler                           0x080002e3   Thumb Code     2  stm32f10x_it.o(.text)
    SysTick_Handler                          0x080002e5   Thumb Code     2  stm32f10x_it.o(.text)
    RTC_IRQHandler                           0x080002e7   Thumb Code    22  stm32f10x_it.o(.text)
    EXTI15_10_IRQHandler                     0x080002fd   Thumb Code   276  stm32f10x_it.o(.text)
    InitDI                                   0x08000419   Thumb Code    58  gpio.o(.text)
    AnalogOut                                0x08000453   Thumb Code    86  gpio.o(.text)
    LedDelay                                 0x080004b1   Thumb Code    14  ledout.o(.text)
    InitLed                                  0x080004bf   Thumb Code    70  ledout.o(.text)
    LedWrite                                 0x08000505   Thumb Code    94  ledout.o(.text)
    LedOut1C                                 0x08000563   Thumb Code    76  ledout.o(.text)
    v_ConverPass                             0x080005af   Thumb Code    34  ledout.o(.text)
    v_Convertdata                            0x080005d1   Thumb Code   100  ledout.o(.text)
    MonitorLed                               0x08000635   Thumb Code   230  ledout.o(.text)
    i32_SetEncoderZ                          0x08000729   Thumb Code     6  encoder.o(.text)
    i32_SetEncoderY                          0x0800072f   Thumb Code     6  encoder.o(.text)
    i32_SetEncoderX                          0x08000735   Thumb Code     6  encoder.o(.text)
    EnInit                                   0x0800073b   Thumb Code   198  encoder.o(.text)
    i32_GetEncoderX                          0x08000801   Thumb Code    70  encoder.o(.text)
    i32_GetEncoderY                          0x08000847   Thumb Code    68  encoder.o(.text)
    i32_SetEncoderZUp                        0x0800088b   Thumb Code    24  encoder.o(.text)
    i32_SetEncoderZDown                      0x080008a3   Thumb Code    24  encoder.o(.text)
    i32_GetZ                                 0x080008bb   Thumb Code     6  encoder.o(.text)
    i32_GetEncoderZ                          0x080008c1   Thumb Code    36  encoder.o(.text)
    RTC_BKP_Init                             0x0800090d   Thumb Code    20  rtc_bkp.o(.text)
    NVIC_Configuration                       0x08000921   Thumb Code    42  rtc_bkp.o(.text)
    WriteBKPdata16                           0x0800094b   Thumb Code    20  rtc_bkp.o(.text)
    WriteBKPdata32                           0x0800095f   Thumb Code    34  rtc_bkp.o(.text)
    ReadBKPdata16                            0x08000981   Thumb Code    16  rtc_bkp.o(.text)
    ReadBKPdata32                            0x08000991   Thumb Code    34  rtc_bkp.o(.text)
    EncoderInterruptInit                     0x080009b9   Thumb Code   128  interrupt.o(.text)
    vListInitialise                          0x08000a3d   Thumb Code    26  list.o(.text)
    vListInitialiseItem                      0x08000a57   Thumb Code     6  list.o(.text)
    vListInsertEnd                           0x08000a5d   Thumb Code    24  list.o(.text)
    vListInsert                              0x08000a75   Thumb Code    52  list.o(.text)
    uxListRemove                             0x08000aa9   Thumb Code    40  list.o(.text)
    xTaskCreate                              0x08000c2d   Thumb Code    96  tasks.o(.text)
    vTaskDelete                              0x08000cc9   Thumb Code   166  tasks.o(.text)
    xTaskIncrementTick                       0x08000d6f   Thumb Code   238  tasks.o(.text)
    xTaskResumeAll                           0x08000e5d   Thumb Code   284  tasks.o(.text)
    vTaskSuspendAll                          0x08000ff5   Thumb Code    12  tasks.o(.text)
    vTaskDelayUntil                          0x08001001   Thumb Code   106  tasks.o(.text)
    vTaskDelay                               0x0800106b   Thumb Code    46  tasks.o(.text)
    uxTaskPriorityGet                        0x08001099   Thumb Code    30  tasks.o(.text)
    uxTaskPriorityGetFromISR                 0x080010b7   Thumb Code    52  tasks.o(.text)
    vTaskPrioritySet                         0x080010eb   Thumb Code   216  tasks.o(.text)
    vTaskSwitchContext                       0x080011c3   Thumb Code    76  tasks.o(.text)
    vTaskSuspend                             0x0800120f   Thumb Code   160  tasks.o(.text)
    vTaskResume                              0x080012e7   Thumb Code   170  tasks.o(.text)
    xTaskResumeFromISR                       0x08001391   Thumb Code   130  tasks.o(.text)
    vTaskStartScheduler                      0x08001489   Thumb Code    72  tasks.o(.text)
    vTaskEndScheduler                        0x080014d1   Thumb Code    32  tasks.o(.text)
    xTaskGetTickCount                        0x080014f1   Thumb Code     6  tasks.o(.text)
    xTaskGetTickCountFromISR                 0x080014f7   Thumb Code     8  tasks.o(.text)
    uxTaskGetNumberOfTasks                   0x080014ff   Thumb Code     6  tasks.o(.text)
    pcTaskGetName                            0x08001505   Thumb Code    20  tasks.o(.text)
    vTaskPlaceOnEventList                    0x08001519   Thumb Code    28  tasks.o(.text)
    vTaskPlaceOnUnorderedEventList           0x08001535   Thumb Code    40  tasks.o(.text)
    xTaskRemoveFromEventList                 0x0800155d   Thumb Code   104  tasks.o(.text)
    xTaskRemoveFromUnorderedEventList        0x080015c5   Thumb Code    94  tasks.o(.text)
    vTaskSetTimeOutState                     0x08001623   Thumb Code    14  tasks.o(.text)
    xTaskCheckForTimeOut                     0x08001631   Thumb Code    84  tasks.o(.text)
    vTaskMissedYield                         0x08001685   Thumb Code     8  tasks.o(.text)
    uxTaskResetEventItemValue                0x0800168d   Thumb Code    24  tasks.o(.text)
    ulTaskNotifyTake                         0x080016a5   Thumb Code   108  tasks.o(.text)
    xTaskNotifyWait                          0x08001711   Thumb Code   226  tasks.o(.text)
    xTaskGenericNotify                       0x080017f3   Thumb Code   178  tasks.o(.text)
    xTaskGenericNotifyFromISR                0x080018a5   Thumb Code   228  tasks.o(.text)
    vTaskNotifyGiveFromISR                   0x08001989   Thumb Code   154  tasks.o(.text)
    xTaskNotifyStateClear                    0x08001a23   Thumb Code    48  tasks.o(.text)
    pxPortInitialiseStack                    0x08001a87   Thumb Code    30  port.o(.text)
    vPortSetupTimerInterrupt                 0x08001aa5   Thumb Code    14  port.o(.text)
    xPortStartScheduler                      0x08001ab3   Thumb Code    42  port.o(.text)
    vPortEndScheduler                        0x08001add   Thumb Code     2  port.o(.text)
    vPortEnterCritical                       0x08001adf   Thumb Code    30  port.o(.text)
    vPortExitCritical                        0x08001afd   Thumb Code    28  port.o(.text)
    xPortSysTickHandler                      0x08001b19   Thumb Code    48  port.o(.text)
    pvPortMalloc                             0x08001c1b   Thumb Code   188  heap_4.o(.text)
    vPortFree                                0x08001cd7   Thumb Code    64  heap_4.o(.text)
    xPortGetFreeHeapSize                     0x08001d17   Thumb Code     6  heap_4.o(.text)
    xPortGetMinimumEverFreeHeapSize          0x08001d1d   Thumb Code     6  heap_4.o(.text)
    vPortInitialiseBlocks                    0x08001d23   Thumb Code     2  heap_4.o(.text)
    StartLed                                 0x08001d3d   Thumb Code    36  main_task.o(.text)
    CheckLed                                 0x08001d61   Thumb Code    40  main_task.o(.text)
    MainTask_Init                            0x08001dbb   Thumb Code    24  main_task.o(.text)
    NVIC_PriorityGroupConfig                 0x08001de5   Thumb Code    10  misc.o(.text)
    NVIC_Init                                0x08001def   Thumb Code   100  misc.o(.text)
    NVIC_SetVectorTable                      0x08001e53   Thumb Code    14  misc.o(.text)
    NVIC_SystemLPConfig                      0x08001e61   Thumb Code    34  misc.o(.text)
    SysTick_CLKSourceConfig                  0x08001e83   Thumb Code    40  misc.o(.text)
    BKP_DeInit                               0x08001ec1   Thumb Code    16  stm32f10x_bkp.o(.text)
    BKP_TamperPinLevelConfig                 0x08001ed1   Thumb Code     6  stm32f10x_bkp.o(.text)
    BKP_TamperPinCmd                         0x08001ed7   Thumb Code     8  stm32f10x_bkp.o(.text)
    BKP_ITConfig                             0x08001edf   Thumb Code     8  stm32f10x_bkp.o(.text)
    BKP_RTCOutputConfig                      0x08001ee7   Thumb Code    22  stm32f10x_bkp.o(.text)
    BKP_SetRTCCalibrationValue               0x08001efd   Thumb Code    22  stm32f10x_bkp.o(.text)
    BKP_WriteBackupRegister                  0x08001f13   Thumb Code    24  stm32f10x_bkp.o(.text)
    BKP_ReadBackupRegister                   0x08001f2b   Thumb Code    26  stm32f10x_bkp.o(.text)
    BKP_GetFlagStatus                        0x08001f45   Thumb Code    10  stm32f10x_bkp.o(.text)
    BKP_ClearFlag                            0x08001f4f   Thumb Code    18  stm32f10x_bkp.o(.text)
    BKP_GetITStatus                          0x08001f61   Thumb Code    10  stm32f10x_bkp.o(.text)
    BKP_ClearITPendingBit                    0x08001f6b   Thumb Code    18  stm32f10x_bkp.o(.text)
    EXTI_DeInit                              0x08001f85   Thumb Code    28  stm32f10x_exti.o(.text)
    EXTI_Init                                0x08001fa1   Thumb Code   142  stm32f10x_exti.o(.text)
    EXTI_StructInit                          0x0800202f   Thumb Code    16  stm32f10x_exti.o(.text)
    EXTI_GenerateSWInterrupt                 0x0800203f   Thumb Code    16  stm32f10x_exti.o(.text)
    EXTI_GetFlagStatus                       0x0800204f   Thumb Code    22  stm32f10x_exti.o(.text)
    EXTI_ClearFlag                           0x08002065   Thumb Code     8  stm32f10x_exti.o(.text)
    EXTI_GetITStatus                         0x0800206d   Thumb Code    34  stm32f10x_exti.o(.text)
    EXTI_ClearITPendingBit                   0x0800208f   Thumb Code     8  stm32f10x_exti.o(.text)
    GPIO_DeInit                              0x080020a1   Thumb Code   172  stm32f10x_gpio.o(.text)
    GPIO_AFIODeInit                          0x0800214d   Thumb Code    20  stm32f10x_gpio.o(.text)
    GPIO_Init                                0x08002161   Thumb Code   278  stm32f10x_gpio.o(.text)
    GPIO_StructInit                          0x08002277   Thumb Code    16  stm32f10x_gpio.o(.text)
    GPIO_ReadInputDataBit                    0x08002287   Thumb Code    18  stm32f10x_gpio.o(.text)
    GPIO_ReadInputData                       0x08002299   Thumb Code     8  stm32f10x_gpio.o(.text)
    GPIO_ReadOutputDataBit                   0x080022a1   Thumb Code    18  stm32f10x_gpio.o(.text)
    GPIO_ReadOutputData                      0x080022b3   Thumb Code     8  stm32f10x_gpio.o(.text)
    GPIO_SetBits                             0x080022bb   Thumb Code     4  stm32f10x_gpio.o(.text)
    GPIO_ResetBits                           0x080022bf   Thumb Code     4  stm32f10x_gpio.o(.text)
    GPIO_WriteBit                            0x080022c3   Thumb Code    10  stm32f10x_gpio.o(.text)
    GPIO_Write                               0x080022cd   Thumb Code     4  stm32f10x_gpio.o(.text)
    GPIO_PinLockConfig                       0x080022d1   Thumb Code    18  stm32f10x_gpio.o(.text)
    GPIO_EventOutputConfig                   0x080022e3   Thumb Code    26  stm32f10x_gpio.o(.text)
    GPIO_EventOutputCmd                      0x080022fd   Thumb Code     6  stm32f10x_gpio.o(.text)
    GPIO_PinRemapConfig                      0x08002303   Thumb Code   138  stm32f10x_gpio.o(.text)
    GPIO_EXTILineConfig                      0x0800238d   Thumb Code    66  stm32f10x_gpio.o(.text)
    GPIO_ETH_MediaInterfaceConfig            0x080023cf   Thumb Code     8  stm32f10x_gpio.o(.text)
    PWR_DeInit                               0x080023fd   Thumb Code    22  stm32f10x_pwr.o(.text)
    PWR_BackupAccessCmd                      0x08002413   Thumb Code     6  stm32f10x_pwr.o(.text)
    PWR_PVDCmd                               0x08002419   Thumb Code     6  stm32f10x_pwr.o(.text)
    PWR_PVDLevelConfig                       0x0800241f   Thumb Code    18  stm32f10x_pwr.o(.text)
    PWR_WakeUpPinCmd                         0x08002431   Thumb Code     8  stm32f10x_pwr.o(.text)
    PWR_EnterSTOPMode                        0x08002439   Thumb Code    54  stm32f10x_pwr.o(.text)
    PWR_EnterSTANDBYMode                     0x0800246f   Thumb Code    42  stm32f10x_pwr.o(.text)
    PWR_GetFlagStatus                        0x08002499   Thumb Code    20  stm32f10x_pwr.o(.text)
    PWR_ClearFlag                            0x080024ad   Thumb Code    14  stm32f10x_pwr.o(.text)
    RCC_DeInit                               0x080024c9   Thumb Code    64  stm32f10x_rcc.o(.text)
    RCC_HSEConfig                            0x08002509   Thumb Code    70  stm32f10x_rcc.o(.text)
    RCC_GetFlagStatus                        0x0800254f   Thumb Code    56  stm32f10x_rcc.o(.text)
    RCC_WaitForHSEStartUp                    0x08002587   Thumb Code    56  stm32f10x_rcc.o(.text)
    RCC_AdjustHSICalibrationValue            0x080025bf   Thumb Code    20  stm32f10x_rcc.o(.text)
    RCC_HSICmd                               0x080025d3   Thumb Code     6  stm32f10x_rcc.o(.text)
    RCC_PLLConfig                            0x080025d9   Thumb Code    24  stm32f10x_rcc.o(.text)
    RCC_PLLCmd                               0x080025f1   Thumb Code     6  stm32f10x_rcc.o(.text)
    RCC_SYSCLKConfig                         0x080025f7   Thumb Code    18  stm32f10x_rcc.o(.text)
    RCC_GetSYSCLKSource                      0x08002609   Thumb Code    10  stm32f10x_rcc.o(.text)
    RCC_HCLKConfig                           0x08002613   Thumb Code    18  stm32f10x_rcc.o(.text)
    RCC_PCLK1Config                          0x08002625   Thumb Code    18  stm32f10x_rcc.o(.text)
    RCC_PCLK2Config                          0x08002637   Thumb Code    20  stm32f10x_rcc.o(.text)
    RCC_ITConfig                             0x0800264b   Thumb Code    26  stm32f10x_rcc.o(.text)
    RCC_USBCLKConfig                         0x08002665   Thumb Code     8  stm32f10x_rcc.o(.text)
    RCC_ADCCLKConfig                         0x0800266d   Thumb Code    18  stm32f10x_rcc.o(.text)
    RCC_LSEConfig                            0x0800267f   Thumb Code    50  stm32f10x_rcc.o(.text)
    RCC_LSICmd                               0x080026b1   Thumb Code     6  stm32f10x_rcc.o(.text)
    RCC_RTCCLKConfig                         0x080026b7   Thumb Code    12  stm32f10x_rcc.o(.text)
    RCC_RTCCLKCmd                            0x080026c3   Thumb Code     8  stm32f10x_rcc.o(.text)
    RCC_GetClocksFreq                        0x080026cb   Thumb Code   192  stm32f10x_rcc.o(.text)
    RCC_AHBPeriphClockCmd                    0x0800278b   Thumb Code    26  stm32f10x_rcc.o(.text)
    RCC_APB2PeriphClockCmd                   0x080027a5   Thumb Code    26  stm32f10x_rcc.o(.text)
    RCC_APB1PeriphClockCmd                   0x080027bf   Thumb Code    26  stm32f10x_rcc.o(.text)
    RCC_APB2PeriphResetCmd                   0x080027d9   Thumb Code    26  stm32f10x_rcc.o(.text)
    RCC_APB1PeriphResetCmd                   0x080027f3   Thumb Code    26  stm32f10x_rcc.o(.text)
    RCC_BackupResetCmd                       0x0800280d   Thumb Code     8  stm32f10x_rcc.o(.text)
    RCC_ClockSecuritySystemCmd               0x08002815   Thumb Code     6  stm32f10x_rcc.o(.text)
    RCC_MCOConfig                            0x0800281b   Thumb Code     6  stm32f10x_rcc.o(.text)
    RCC_ClearFlag                            0x08002821   Thumb Code    14  stm32f10x_rcc.o(.text)
    RCC_GetITStatus                          0x0800282f   Thumb Code    20  stm32f10x_rcc.o(.text)
    RCC_ClearITPendingBit                    0x08002843   Thumb Code     6  stm32f10x_rcc.o(.text)
    RTC_ITConfig                             0x0800286d   Thumb Code    26  stm32f10x_rtc.o(.text)
    RTC_EnterConfigMode                      0x08002887   Thumb Code    18  stm32f10x_rtc.o(.text)
    RTC_ExitConfigMode                       0x08002899   Thumb Code    20  stm32f10x_rtc.o(.text)
    RTC_GetCounter                           0x080028ad   Thumb Code    18  stm32f10x_rtc.o(.text)
    RTC_SetCounter                           0x080028bf   Thumb Code    26  stm32f10x_rtc.o(.text)
    RTC_SetPrescaler                         0x080028d9   Thumb Code    28  stm32f10x_rtc.o(.text)
    RTC_SetAlarm                             0x080028f5   Thumb Code    26  stm32f10x_rtc.o(.text)
    RTC_GetDivider                           0x0800290f   Thumb Code    22  stm32f10x_rtc.o(.text)
    RTC_WaitForLastTask                      0x08002925   Thumb Code    18  stm32f10x_rtc.o(.text)
    RTC_WaitForSynchro                       0x08002937   Thumb Code    36  stm32f10x_rtc.o(.text)
    RTC_GetFlagStatus                        0x0800295b   Thumb Code    22  stm32f10x_rtc.o(.text)
    RTC_ClearFlag                            0x08002971   Thumb Code    16  stm32f10x_rtc.o(.text)
    RTC_GetITStatus                          0x08002981   Thumb Code    32  stm32f10x_rtc.o(.text)
    RTC_ClearITPendingBit                    0x080029a1   Thumb Code    16  stm32f10x_rtc.o(.text)
    TIM_DeInit                               0x080029b5   Thumb Code   424  stm32f10x_tim.o(.text)
    TIM_TimeBaseInit                         0x08002b5d   Thumb Code   122  stm32f10x_tim.o(.text)
    TIM_OC1Init                              0x08002bd7   Thumb Code   132  stm32f10x_tim.o(.text)
    TIM_OC2Init                              0x08002c5b   Thumb Code   154  stm32f10x_tim.o(.text)
    TIM_OC3Init                              0x08002cf5   Thumb Code   150  stm32f10x_tim.o(.text)
    TIM_OC4Init                              0x08002d8b   Thumb Code   182  stm32f10x_tim.o(.text)
    TIM_SetIC4Prescaler                      0x08002e41   Thumb Code    26  stm32f10x_tim.o(.text)
    TIM_SetIC3Prescaler                      0x08002edd   Thumb Code    18  stm32f10x_tim.o(.text)
    TIM_SetIC2Prescaler                      0x08002f69   Thumb Code    26  stm32f10x_tim.o(.text)
    TIM_SetIC1Prescaler                      0x08003005   Thumb Code    18  stm32f10x_tim.o(.text)
    TIM_ICInit                               0x08003083   Thumb Code   150  stm32f10x_tim.o(.text)
    TIM_PWMIConfig                           0x08003119   Thumb Code   124  stm32f10x_tim.o(.text)
    TIM_BDTRConfig                           0x08003195   Thumb Code    32  stm32f10x_tim.o(.text)
    TIM_TimeBaseStructInit                   0x080031b5   Thumb Code    18  stm32f10x_tim.o(.text)
    TIM_OCStructInit                         0x080031c7   Thumb Code    20  stm32f10x_tim.o(.text)
    TIM_ICStructInit                         0x080031db   Thumb Code    18  stm32f10x_tim.o(.text)
    TIM_BDTRStructInit                       0x080031ed   Thumb Code    40  stm32f10x_tim.o(.text)
    TIM_Cmd                                  0x08003215   Thumb Code    24  stm32f10x_tim.o(.text)
    TIM_CtrlPWMOutputs                       0x0800322d   Thumb Code    30  stm32f10x_tim.o(.text)
    TIM_ITConfig                             0x0800324b   Thumb Code    18  stm32f10x_tim.o(.text)
    TIM_GenerateEvent                        0x0800325d   Thumb Code     4  stm32f10x_tim.o(.text)
    TIM_DMAConfig                            0x08003261   Thumb Code    10  stm32f10x_tim.o(.text)
    TIM_DMACmd                               0x0800326b   Thumb Code    18  stm32f10x_tim.o(.text)
    TIM_InternalClockConfig                  0x0800327d   Thumb Code    12  stm32f10x_tim.o(.text)
    TIM_SelectInputTrigger                   0x08003289   Thumb Code    18  stm32f10x_tim.o(.text)
    TIM_ITRxExternalClockConfig              0x0800329b   Thumb Code    24  stm32f10x_tim.o(.text)
    TIM_TIxExternalClockConfig               0x080032b3   Thumb Code    62  stm32f10x_tim.o(.text)
    TIM_ETRConfig                            0x080032f1   Thumb Code    28  stm32f10x_tim.o(.text)
    TIM_ETRClockMode1Config                  0x0800330d   Thumb Code    54  stm32f10x_tim.o(.text)
    TIM_ETRClockMode2Config                  0x08003343   Thumb Code    32  stm32f10x_tim.o(.text)
    TIM_PrescalerConfig                      0x08003363   Thumb Code     6  stm32f10x_tim.o(.text)
    TIM_CounterModeConfig                    0x08003369   Thumb Code    18  stm32f10x_tim.o(.text)
    TIM_EncoderInterfaceConfig               0x0800337b   Thumb Code    66  stm32f10x_tim.o(.text)
    TIM_ForcedOC1Config                      0x080033bd   Thumb Code    18  stm32f10x_tim.o(.text)
    TIM_ForcedOC2Config                      0x080033cf   Thumb Code    26  stm32f10x_tim.o(.text)
    TIM_ForcedOC3Config                      0x080033e9   Thumb Code    18  stm32f10x_tim.o(.text)
    TIM_ForcedOC4Config                      0x080033fb   Thumb Code    26  stm32f10x_tim.o(.text)
    TIM_ARRPreloadConfig                     0x08003415   Thumb Code    24  stm32f10x_tim.o(.text)
    TIM_SelectCOM                            0x0800342d   Thumb Code    24  stm32f10x_tim.o(.text)
    TIM_SelectCCDMA                          0x08003445   Thumb Code    24  stm32f10x_tim.o(.text)
    TIM_CCPreloadControl                     0x0800345d   Thumb Code    24  stm32f10x_tim.o(.text)
    TIM_OC1PreloadConfig                     0x08003475   Thumb Code    18  stm32f10x_tim.o(.text)
    TIM_OC2PreloadConfig                     0x08003487   Thumb Code    26  stm32f10x_tim.o(.text)
    TIM_OC3PreloadConfig                     0x080034a1   Thumb Code    18  stm32f10x_tim.o(.text)
    TIM_OC4PreloadConfig                     0x080034b3   Thumb Code    26  stm32f10x_tim.o(.text)
    TIM_OC1FastConfig                        0x080034cd   Thumb Code    18  stm32f10x_tim.o(.text)
    TIM_OC2FastConfig                        0x080034df   Thumb Code    26  stm32f10x_tim.o(.text)
    TIM_OC3FastConfig                        0x080034f9   Thumb Code    18  stm32f10x_tim.o(.text)
    TIM_OC4FastConfig                        0x0800350b   Thumb Code    26  stm32f10x_tim.o(.text)
    TIM_ClearOC1Ref                          0x08003525   Thumb Code    18  stm32f10x_tim.o(.text)
    TIM_ClearOC2Ref                          0x08003537   Thumb Code    24  stm32f10x_tim.o(.text)
    TIM_ClearOC3Ref                          0x0800354f   Thumb Code    18  stm32f10x_tim.o(.text)
    TIM_ClearOC4Ref                          0x08003561   Thumb Code    24  stm32f10x_tim.o(.text)
    TIM_OC1PolarityConfig                    0x08003579   Thumb Code    18  stm32f10x_tim.o(.text)
    TIM_OC1NPolarityConfig                   0x0800358b   Thumb Code    18  stm32f10x_tim.o(.text)
    TIM_OC2PolarityConfig                    0x0800359d   Thumb Code    26  stm32f10x_tim.o(.text)
    TIM_OC2NPolarityConfig                   0x080035b7   Thumb Code    26  stm32f10x_tim.o(.text)
    TIM_OC3PolarityConfig                    0x080035d1   Thumb Code    26  stm32f10x_tim.o(.text)
    TIM_OC3NPolarityConfig                   0x080035eb   Thumb Code    26  stm32f10x_tim.o(.text)
    TIM_OC4PolarityConfig                    0x08003605   Thumb Code    26  stm32f10x_tim.o(.text)
    TIM_CCxCmd                               0x0800361f   Thumb Code    30  stm32f10x_tim.o(.text)
    TIM_CCxNCmd                              0x0800363d   Thumb Code    30  stm32f10x_tim.o(.text)
    TIM_SelectOCxM                           0x0800365b   Thumb Code    82  stm32f10x_tim.o(.text)
    TIM_UpdateDisableConfig                  0x080036ad   Thumb Code    24  stm32f10x_tim.o(.text)
    TIM_UpdateRequestConfig                  0x080036c5   Thumb Code    24  stm32f10x_tim.o(.text)
    TIM_SelectHallSensor                     0x080036dd   Thumb Code    24  stm32f10x_tim.o(.text)
    TIM_SelectOnePulseMode                   0x080036f5   Thumb Code    18  stm32f10x_tim.o(.text)
    TIM_SelectOutputTrigger                  0x08003707   Thumb Code    18  stm32f10x_tim.o(.text)
    TIM_SelectSlaveMode                      0x08003719   Thumb Code    18  stm32f10x_tim.o(.text)
    TIM_SelectMasterSlaveMode                0x0800372b   Thumb Code    18  stm32f10x_tim.o(.text)
    TIM_SetCounter                           0x0800373d   Thumb Code     4  stm32f10x_tim.o(.text)
    TIM_SetAutoreload                        0x08003741   Thumb Code     4  stm32f10x_tim.o(.text)
    TIM_SetCompare1                          0x08003745   Thumb Code     4  stm32f10x_tim.o(.text)
    TIM_SetCompare2                          0x08003749   Thumb Code     4  stm32f10x_tim.o(.text)
    TIM_SetCompare3                          0x0800374d   Thumb Code     4  stm32f10x_tim.o(.text)
    TIM_SetCompare4                          0x08003751   Thumb Code     6  stm32f10x_tim.o(.text)
    TIM_SetClockDivision                     0x08003757   Thumb Code    18  stm32f10x_tim.o(.text)
    TIM_GetCapture1                          0x08003769   Thumb Code     6  stm32f10x_tim.o(.text)
    TIM_GetCapture2                          0x0800376f   Thumb Code     6  stm32f10x_tim.o(.text)
    TIM_GetCapture3                          0x08003775   Thumb Code     6  stm32f10x_tim.o(.text)
    TIM_GetCapture4                          0x0800377b   Thumb Code     8  stm32f10x_tim.o(.text)
    TIM_GetCounter                           0x08003783   Thumb Code     6  stm32f10x_tim.o(.text)
    TIM_GetPrescaler                         0x08003789   Thumb Code     6  stm32f10x_tim.o(.text)
    TIM_GetFlagStatus                        0x0800378f   Thumb Code    18  stm32f10x_tim.o(.text)
    TIM_ClearFlag                            0x080037a1   Thumb Code     6  stm32f10x_tim.o(.text)
    TIM_GetITStatus                          0x080037a7   Thumb Code    34  stm32f10x_tim.o(.text)
    TIM_ClearITPendingBit                    0x080037c9   Thumb Code     6  stm32f10x_tim.o(.text)
    Reset_Handler                            0x080037d1   Thumb Code     8  startup_stm32f10x_md.o(.text)
    ADC1_2_IRQHandler                        0x080037eb   Thumb Code     0  startup_stm32f10x_md.o(.text)
    CAN1_RX1_IRQHandler                      0x080037eb   Thumb Code     0  startup_stm32f10x_md.o(.text)
    CAN1_SCE_IRQHandler                      0x080037eb   Thumb Code     0  startup_stm32f10x_md.o(.text)
    DMA1_Channel1_IRQHandler                 0x080037eb   Thumb Code     0  startup_stm32f10x_md.o(.text)
    DMA1_Channel2_IRQHandler                 0x080037eb   Thumb Code     0  startup_stm32f10x_md.o(.text)
    DMA1_Channel3_IRQHandler                 0x080037eb   Thumb Code     0  startup_stm32f10x_md.o(.text)
    DMA1_Channel4_IRQHandler                 0x080037eb   Thumb Code     0  startup_stm32f10x_md.o(.text)
    DMA1_Channel5_IRQHandler                 0x080037eb   Thumb Code     0  startup_stm32f10x_md.o(.text)
    DMA1_Channel6_IRQHandler                 0x080037eb   Thumb Code     0  startup_stm32f10x_md.o(.text)
    DMA1_Channel7_IRQHandler                 0x080037eb   Thumb Code     0  startup_stm32f10x_md.o(.text)
    EXTI0_IRQHandler                         0x080037eb   Thumb Code     0  startup_stm32f10x_md.o(.text)
    EXTI1_IRQHandler                         0x080037eb   Thumb Code     0  startup_stm32f10x_md.o(.text)
    EXTI2_IRQHandler                         0x080037eb   Thumb Code     0  startup_stm32f10x_md.o(.text)
    EXTI3_IRQHandler                         0x080037eb   Thumb Code     0  startup_stm32f10x_md.o(.text)
    EXTI4_IRQHandler                         0x080037eb   Thumb Code     0  startup_stm32f10x_md.o(.text)
    EXTI9_5_IRQHandler                       0x080037eb   Thumb Code     0  startup_stm32f10x_md.o(.text)
    FLASH_IRQHandler                         0x080037eb   Thumb Code     0  startup_stm32f10x_md.o(.text)
    I2C1_ER_IRQHandler                       0x080037eb   Thumb Code     0  startup_stm32f10x_md.o(.text)
    I2C1_EV_IRQHandler                       0x080037eb   Thumb Code     0  startup_stm32f10x_md.o(.text)
    I2C2_ER_IRQHandler                       0x080037eb   Thumb Code     0  startup_stm32f10x_md.o(.text)
    I2C2_EV_IRQHandler                       0x080037eb   Thumb Code     0  startup_stm32f10x_md.o(.text)
    PVD_IRQHandler                           0x080037eb   Thumb Code     0  startup_stm32f10x_md.o(.text)
    RCC_IRQHandler                           0x080037eb   Thumb Code     0  startup_stm32f10x_md.o(.text)
    RTCAlarm_IRQHandler                      0x080037eb   Thumb Code     0  startup_stm32f10x_md.o(.text)
    SPI1_IRQHandler                          0x080037eb   Thumb Code     0  startup_stm32f10x_md.o(.text)
    SPI2_IRQHandler                          0x080037eb   Thumb Code     0  startup_stm32f10x_md.o(.text)
    TAMPER_IRQHandler                        0x080037eb   Thumb Code     0  startup_stm32f10x_md.o(.text)
    TIM1_BRK_IRQHandler                      0x080037eb   Thumb Code     0  startup_stm32f10x_md.o(.text)
    TIM1_CC_IRQHandler                       0x080037eb   Thumb Code     0  startup_stm32f10x_md.o(.text)
    TIM1_TRG_COM_IRQHandler                  0x080037eb   Thumb Code     0  startup_stm32f10x_md.o(.text)
    TIM1_UP_IRQHandler                       0x080037eb   Thumb Code     0  startup_stm32f10x_md.o(.text)
    TIM2_IRQHandler                          0x080037eb   Thumb Code     0  startup_stm32f10x_md.o(.text)
    TIM3_IRQHandler                          0x080037eb   Thumb Code     0  startup_stm32f10x_md.o(.text)
    TIM4_IRQHandler                          0x080037eb   Thumb Code     0  startup_stm32f10x_md.o(.text)
    USART1_IRQHandler                        0x080037eb   Thumb Code     0  startup_stm32f10x_md.o(.text)
    USART2_IRQHandler                        0x080037eb   Thumb Code     0  startup_stm32f10x_md.o(.text)
    USART3_IRQHandler                        0x080037eb   Thumb Code     0  startup_stm32f10x_md.o(.text)
    USBWakeUp_IRQHandler                     0x080037eb   Thumb Code     0  startup_stm32f10x_md.o(.text)
    USB_HP_CAN1_TX_IRQHandler                0x080037eb   Thumb Code     0  startup_stm32f10x_md.o(.text)
    USB_LP_CAN1_RX0_IRQHandler               0x080037eb   Thumb Code     0  startup_stm32f10x_md.o(.text)
    WWDG_IRQHandler                          0x080037eb   Thumb Code     0  startup_stm32f10x_md.o(.text)
    __user_initial_stackheap                 0x080037ed   Thumb Code     0  startup_stm32f10x_md.o(.text)
    SystemInit                               0x080038ef   Thumb Code    78  system_stm32f10x.o(.text)
    SystemCoreClockUpdate                    0x0800393d   Thumb Code   142  system_stm32f10x.o(.text)
    __use_two_region_memory                  0x080039f1   Thumb Code     2  heapauxi.o(.text)
    __rt_heap_escrow$2region                 0x080039f3   Thumb Code     2  heapauxi.o(.text)
    __rt_heap_expand$2region                 0x080039f5   Thumb Code     2  heapauxi.o(.text)
    __user_setup_stackheap                   0x080039f7   Thumb Code    74  sys_stackheap_outer.o(.text)
    exit                                     0x08003a41   Thumb Code    12  exit.o(.text)
    __user_libspace                          0x08003a4d   Thumb Code     8  libspace.o(.text)
    __user_perproc_libspace                  0x08003a4d   Thumb Code     0  libspace.o(.text)
    __user_perthread_libspace                0x08003a4d   Thumb Code     0  libspace.o(.text)
    _sys_exit                                0x08003a55   Thumb Code     8  sys_exit.o(.text)
    __I$use$semihosting                      0x08003a61   Thumb Code     0  use_no_semi.o(.text)
    __use_no_semihosting_swi                 0x08003a61   Thumb Code     2  use_no_semi.o(.text)
    __semihosting_library_function           0x08003a63   Thumb Code     0  indicate_semi.o(.text)
    Region$$Table$$Base                      0x08003a64   Number         0  anon$$obj.o(Region$$Table)
    Region$$Table$$Limit                     0x08003a84   Number         0  anon$$obj.o(Region$$Table)
    u8_dLedR                                 0x20000000   Data          24  ledout.o(.data)
    u8_dLedC                                 0x20000018   Data           8  ledout.o(.data)
    i32_CurEnX                               0x20000020   Data           4  encoder.o(.data)
    i32_CurEnY                               0x20000024   Data           4  encoder.o(.data)
    i32_CurEnZ                               0x20000028   Data           4  encoder.o(.data)
    AUp                                      0x2000002c   Data           8  encoder.o(.data)
    ADown                                    0x20000034   Data           8  encoder.o(.data)
    BUp                                      0x2000003c   Data           8  encoder.o(.data)
    BDown                                    0x20000044   Data           8  encoder.o(.data)
    ABUp                                     0x2000004c   Data           8  encoder.o(.data)
    ABDown                                   0x20000054   Data           8  encoder.o(.data)
    Xdata                                    0x2000005c   Data           4  encoder.o(.data)
    Ydata                                    0x20000060   Data           4  encoder.o(.data)
    Zdata                                    0x20000064   Data           4  encoder.o(.data)
    Encoder_InitStructure                    0x20000068   Data           4  encoder.o(.data)
    BKPDataReg                               0x2000006c   Data          84  rtc_bkp.o(.data)
    pxCurrentTCB                             0x200000c0   Data           4  tasks.o(.data)
    SystemCoreClock                          0x2000012c   Data           4  system_stm32f10x.o(.data)
    AHBPrescTable                            0x20000130   Data          16  system_stm32f10x.o(.data)
    __libspace_start                         0x20000608   Data          96  libspace.o(.bss)
    __temporary_stack_top$libspace           0x20000668   Data           0  libspace.o(.bss)



==============================================================================

Memory Map of the image

  Image Entry point : 0x080000ed

  Load Region LR_IROM1 (Base: 0x08000000, Size: 0x00003bc4, Max: 0x00010000, ABSOLUTE, COMPRESSED[0x00003b1c])

    Execution Region ER_IROM1 (Base: 0x08000000, Size: 0x00003a84, Max: 0x00010000, ABSOLUTE)

    Base Addr    Size         Type   Attr      Idx    E Section Name        Object

    0x08000000   0x000000ec   Data   RO          882    RESET               startup_stm32f10x_md.o
    0x080000ec   0x00000008   Code   RO          925  * !!!main             c_w.l(__main.o)
    0x080000f4   0x00000034   Code   RO         1085    !!!scatter          c_w.l(__scatter.o)
    0x08000128   0x0000005a   Code   RO         1083    !!dczerorl2         c_w.l(__dczerorl2.o)
    0x08000182   0x00000002   PAD
    0x08000184   0x0000001c   Code   RO         1087    !!handler_zi        c_w.l(__scatter_zi.o)
    0x080001a0   0x00000002   Code   RO          954    .ARM.Collect$$libinit$$00000000  c_w.l(libinit.o)
    0x080001a2   0x00000000   Code   RO          961    .ARM.Collect$$libinit$$00000002  c_w.l(libinit2.o)
    0x080001a2   0x00000000   Code   RO          963    .ARM.Collect$$libinit$$00000004  c_w.l(libinit2.o)
    0x080001a2   0x00000000   Code   RO          966    .ARM.Collect$$libinit$$0000000A  c_w.l(libinit2.o)
    0x080001a2   0x00000000   Code   RO          968    .ARM.Collect$$libinit$$0000000C  c_w.l(libinit2.o)
    0x080001a2   0x00000000   Code   RO          970    .ARM.Collect$$libinit$$0000000E  c_w.l(libinit2.o)
    0x080001a2   0x00000000   Code   RO          973    .ARM.Collect$$libinit$$00000011  c_w.l(libinit2.o)
    0x080001a2   0x00000000   Code   RO          975    .ARM.Collect$$libinit$$00000013  c_w.l(libinit2.o)
    0x080001a2   0x00000000   Code   RO          977    .ARM.Collect$$libinit$$00000015  c_w.l(libinit2.o)
    0x080001a2   0x00000000   Code   RO          979    .ARM.Collect$$libinit$$00000017  c_w.l(libinit2.o)
    0x080001a2   0x00000000   Code   RO          981    .ARM.Collect$$libinit$$00000019  c_w.l(libinit2.o)
    0x080001a2   0x00000000   Code   RO          983    .ARM.Collect$$libinit$$0000001B  c_w.l(libinit2.o)
    0x080001a2   0x00000000   Code   RO          985    .ARM.Collect$$libinit$$0000001D  c_w.l(libinit2.o)
    0x080001a2   0x00000000   Code   RO          987    .ARM.Collect$$libinit$$0000001F  c_w.l(libinit2.o)
    0x080001a2   0x00000000   Code   RO          989    .ARM.Collect$$libinit$$00000021  c_w.l(libinit2.o)
    0x080001a2   0x00000000   Code   RO          991    .ARM.Collect$$libinit$$00000023  c_w.l(libinit2.o)
    0x080001a2   0x00000000   Code   RO          993    .ARM.Collect$$libinit$$00000025  c_w.l(libinit2.o)
    0x080001a2   0x00000000   Code   RO          997    .ARM.Collect$$libinit$$0000002C  c_w.l(libinit2.o)
    0x080001a2   0x00000000   Code   RO          999    .ARM.Collect$$libinit$$0000002E  c_w.l(libinit2.o)
    0x080001a2   0x00000000   Code   RO         1001    .ARM.Collect$$libinit$$00000030  c_w.l(libinit2.o)
    0x080001a2   0x00000000   Code   RO         1003    .ARM.Collect$$libinit$$00000032  c_w.l(libinit2.o)
    0x080001a2   0x00000002   Code   RO         1004    .ARM.Collect$$libinit$$00000033  c_w.l(libinit2.o)
    0x080001a4   0x00000002   Code   RO         1024    .ARM.Collect$$libshutdown$$00000000  c_w.l(libshutdown.o)
    0x080001a6   0x00000000   Code   RO         1038    .ARM.Collect$$libshutdown$$00000003  c_w.l(libshutdown2.o)
    0x080001a6   0x00000000   Code   RO         1041    .ARM.Collect$$libshutdown$$00000006  c_w.l(libshutdown2.o)
    0x080001a6   0x00000000   Code   RO         1044    .ARM.Collect$$libshutdown$$00000009  c_w.l(libshutdown2.o)
    0x080001a6   0x00000000   Code   RO         1046    .ARM.Collect$$libshutdown$$0000000B  c_w.l(libshutdown2.o)
    0x080001a6   0x00000000   Code   RO         1049    .ARM.Collect$$libshutdown$$0000000E  c_w.l(libshutdown2.o)
    0x080001a6   0x00000002   Code   RO         1050    .ARM.Collect$$libshutdown$$0000000F  c_w.l(libshutdown2.o)
    0x080001a8   0x00000000   Code   RO          927    .ARM.Collect$$rtentry$$00000000  c_w.l(__rtentry.o)
    0x080001a8   0x00000000   Code   RO          931    .ARM.Collect$$rtentry$$00000002  c_w.l(__rtentry2.o)
    0x080001a8   0x00000006   Code   RO          943    .ARM.Collect$$rtentry$$00000004  c_w.l(__rtentry4.o)
    0x080001ae   0x00000000   Code   RO          933    .ARM.Collect$$rtentry$$00000009  c_w.l(__rtentry2.o)
    0x080001ae   0x00000004   Code   RO          934    .ARM.Collect$$rtentry$$0000000A  c_w.l(__rtentry2.o)
    0x080001b2   0x00000000   Code   RO          936    .ARM.Collect$$rtentry$$0000000C  c_w.l(__rtentry2.o)
    0x080001b2   0x00000008   Code   RO          937    .ARM.Collect$$rtentry$$0000000D  c_w.l(__rtentry2.o)
    0x080001ba   0x00000002   Code   RO          958    .ARM.Collect$$rtexit$$00000000  c_w.l(rtexit.o)
    0x080001bc   0x00000000   Code   RO         1006    .ARM.Collect$$rtexit$$00000002  c_w.l(rtexit2.o)
    0x080001bc   0x00000004   Code   RO         1007    .ARM.Collect$$rtexit$$00000003  c_w.l(rtexit2.o)
    0x080001c0   0x00000006   Code   RO         1008    .ARM.Collect$$rtexit$$00000004  c_w.l(rtexit2.o)
    0x080001c6   0x00000002   PAD
    0x080001c8   0x00000096   Code   RO          566    .emb_text           port.o
    0x0800025e   0x00000002   PAD
    0x08000260   0x0000006c   Code   RO            4    .text               main.o
    0x080002cc   0x0000014c   Code   RO          150    .text               stm32f10x_it.o
    0x08000418   0x00000098   Code   RO          182    .text               gpio.o
    0x080004b0   0x00000278   Code   RO          236    .text               ledout.o
    0x08000728   0x000001e4   Code   RO          266    .text               encoder.o
    0x0800090c   0x000000ac   Code   RO          365    .text               rtc_bkp.o
    0x080009b8   0x00000084   Code   RO          392    .text               interrupt.o
    0x08000a3c   0x00000094   Code   RO          502    .text               list.o
    0x08000ad0   0x00000fa0   Code   RO          529    .text               tasks.o
    0x08001a70   0x000000e8   Code   RO          567    .text               port.o
    0x08001b58   0x000001e4   Code   RO          596    .text               heap_4.o
    0x08001d3c   0x000000a8   Code   RO          614    .text               main_task.o
    0x08001de4   0x000000dc   Code   RO          641    .text               misc.o
    0x08001ec0   0x000000c4   Code   RO          665    .text               stm32f10x_bkp.o
    0x08001f84   0x0000011c   Code   RO          689    .text               stm32f10x_exti.o
    0x080020a0   0x0000035c   Code   RO          737    .text               stm32f10x_gpio.o
    0x080023fc   0x000000cc   Code   RO          785    .text               stm32f10x_pwr.o
    0x080024c8   0x000003a4   Code   RO          809    .text               stm32f10x_rcc.o
    0x0800286c   0x00000148   Code   RO          835    .text               stm32f10x_rtc.o
    0x080029b4   0x00000e1a   Code   RO          859    .text               stm32f10x_tim.o
    0x080037ce   0x00000002   PAD
    0x080037d0   0x00000040   Code   RO          883    .text               startup_stm32f10x_md.o
    0x08003810   0x000001e0   Code   RO          890    .text               system_stm32f10x.o
    0x080039f0   0x00000006   Code   RO          923    .text               c_w.l(heapauxi.o)
    0x080039f6   0x0000004a   Code   RO          945    .text               c_w.l(sys_stackheap_outer.o)
    0x08003a40   0x0000000c   Code   RO          947    .text               c_w.l(exit.o)
    0x08003a4c   0x00000008   Code   RO          955    .text               c_w.l(libspace.o)
    0x08003a54   0x0000000c   Code   RO         1016    .text               c_w.l(sys_exit.o)
    0x08003a60   0x00000002   Code   RO         1027    .text               c_w.l(use_no_semi.o)
    0x08003a62   0x00000000   Code   RO         1029    .text               c_w.l(indicate_semi.o)
    0x08003a62   0x00000002   PAD
    0x08003a64   0x00000020   Data   RO         1081    Region$$Table       anon$$obj.o


    Execution Region RW_IRAM1 (Base: 0x20000000, Size: 0x00000c68, Max: 0x00005000, ABSOLUTE, COMPRESSED[0x00000098])

    Base Addr    Size         Type   Attr      Idx    E Section Name        Object

    0x20000000   0x00000020   Data   RW          237    .data               ledout.o
    0x20000020   0x0000004c   Data   RW          268    .data               encoder.o
    0x2000006c   0x00000054   Data   RW          366    .data               rtc_bkp.o
    0x200000c0   0x0000003c   Data   RW          531    .data               tasks.o
    0x200000fc   0x00000004   Data   RW          568    .data               port.o
    0x20000100   0x00000018   Data   RW          598    .data               heap_4.o
    0x20000118   0x00000014   Data   RW          810    .data               stm32f10x_rcc.o
    0x2000012c   0x00000014   Data   RW          891    .data               system_stm32f10x.o
    0x20000140   0x000000c8   Zero   RW          530    .bss                tasks.o
    0x20000208   0x00000400   Zero   RW          597    .bss                heap_4.o
    0x20000608   0x00000060   Zero   RW          956    .bss                c_w.l(libspace.o)
    0x20000668   0x00000200   Zero   RW          881    HEAP                startup_stm32f10x_md.o
    0x20000868   0x00000400   Zero   RW          880    STACK               startup_stm32f10x_md.o


==============================================================================

Image component sizes


      Code (inc. data)   RO Data    RW Data    ZI Data      Debug   Object Name

       484         40          0         76          0       3105   encoder.o
         0          0          0          0          0       1452   event_groups.o
       152          8          0          0          0        667   gpio.o
       484         24          0         24       1024       3184   heap_4.o
       132          4          0          0          0        615   interrupt.o
       632         22          0         32          0       3039   ledout.o
       148          0          0          0          0       1794   list.o
       108         12          0          0          0     278074   main.o
       168         18          0          0          0        950   main_task.o
       220         22          0          0          0       1925   misc.o
       382         28          0          4          0       7056   port.o
       172          6          0         84          0       1881   rtc_bkp.o
        64         26        236          0       1536        828   startup_stm32f10x_md.o
       196          8          0          0          0       3588   stm32f10x_bkp.o
       284         10          0          0          0       2359   stm32f10x_exti.o
       860         38          0          0          0       5773   stm32f10x_gpio.o
       332          8          0          0          0       1694   stm32f10x_it.o
       204         14          0          0          0       1955   stm32f10x_pwr.o
       932         36          0         20          0       8928   stm32f10x_rcc.o
       328          4          0          0          0       2706   stm32f10x_rtc.o
      3610         88          0          0          0      22256   stm32f10x_tim.o
       480         38          0         20          0       1919   system_stm32f10x.o
      4000        260          0         60        200      26223   tasks.o

    ----------------------------------------------------------------------
     14376        714        268        320       2760     381971   Object Totals
         0          0         32          0          0          0   (incl. Generated)
         4          0          0          0          0          0   (incl. Padding)

    ----------------------------------------------------------------------

      Code (inc. data)   RO Data    RW Data    ZI Data      Debug   Library Member Name

        90          0          0          0          0          0   __dczerorl2.o
         8          0          0          0          0         68   __main.o
         0          0          0          0          0          0   __rtentry.o
        12          0          0          0          0          0   __rtentry2.o
         6          0          0          0          0          0   __rtentry4.o
        52          8          0          0          0          0   __scatter.o
        28          0          0          0          0          0   __scatter_zi.o
        12          0          0          0          0         72   exit.o
         6          0          0          0          0        152   heapauxi.o
         0          0          0          0          0          0   indicate_semi.o
         2          0          0          0          0          0   libinit.o
         2          0          0          0          0          0   libinit2.o
         2          0          0          0          0          0   libshutdown.o
         2          0          0          0          0          0   libshutdown2.o
         8          4          0          0         96         68   libspace.o
         2          0          0          0          0          0   rtexit.o
        10          0          0          0          0          0   rtexit2.o
        12          4          0          0          0         68   sys_exit.o
        74          0          0          0          0         80   sys_stackheap_outer.o
         2          0          0          0          0         68   use_no_semi.o

    ----------------------------------------------------------------------
       336         16          0          0         96        576   Library Totals
         6          0          0          0          0          0   (incl. Padding)

    ----------------------------------------------------------------------

      Code (inc. data)   RO Data    RW Data    ZI Data      Debug   Library Name

       330         16          0          0         96        576   c_w.l

    ----------------------------------------------------------------------
       336         16          0          0         96        576   Library Totals

    ----------------------------------------------------------------------

==============================================================================


      Code (inc. data)   RO Data    RW Data    ZI Data      Debug   

     14712        730        268        320       2856     379891   Grand Totals
     14712        730        268        152       2856     379891   ELF Image Totals (compressed)
     14712        730        268        152          0          0   ROM Totals

==============================================================================

    Total RO  Size (Code + RO Data)                14980 (  14.63kB)
    Total RW  Size (RW Data + ZI Data)              3176 (   3.10kB)
    Total ROM Size (Code + RO Data + RW Data)      15132 (  14.78kB)

==============================================================================

